
== primary by trend
per trend   n   avg_R     t  sum_R   win  L_avg  S_avg  nL  gross_avg_R
 IS  bear 122  0.3488  2.80   42.6 0.541  0.422  0.260  67       0.4760
 IS  bull 223  0.0965  1.03   21.5 0.457  0.125  0.070 108       0.1788
 IS    na  13 -0.1954 -0.64   -2.5 0.385 -0.256 -0.099   8      -0.0982
 IS  side 174  0.0180  0.15    3.1 0.368  0.100 -0.090  99       0.1584
VAL  bear  36  0.0439  0.23    1.6 0.472 -0.040  0.138  19       0.0772
VAL  bull  44 -0.1974 -1.00   -8.7 0.295 -0.197 -0.197  25      -0.2497
VAL  side  33  0.2846  0.97    9.4 0.364 -0.099  0.806  19       0.3552

== primary by slope100_t
per slope100_t   n   avg_R     t  sum_R   win  L_avg  S_avg  nL  gross_avg_R
 IS      T1low 169  0.4539  3.46   76.7 0.527  0.592  0.285  93       0.5675
 IS      T2mid 153 -0.1802 -2.00  -27.6 0.353 -0.176 -0.185  85      -0.0407
 IS     T3high 197  0.0917  0.91   18.1 0.452  0.120  0.065  96       0.1792
 IS         na  13 -0.1954 -0.64   -2.5 0.385 -0.256 -0.099   8      -0.0982
VAL      T1low  43  0.1596  0.75    6.9 0.442 -0.016  0.381  24       0.1937
VAL      T2mid  26  0.1580  0.54    4.1 0.385 -0.163  0.532  14       0.2327
VAL     T3high  44 -0.1974 -1.00   -8.7 0.295 -0.197 -0.197  25      -0.2497

== primary by atr_pct_t
per atr_pct_t   n   avg_R     t  sum_R   win  L_avg  S_avg  nL  gross_avg_R
 IS     T1low 227  0.1328  1.25   30.1 0.445  0.287 -0.047 122       0.2808
 IS     T2mid 174  0.1162  1.14   20.2 0.443  0.154  0.064 101       0.2227
 IS    T3high 131  0.1092  0.96   14.3 0.450 -0.016  0.212  59       0.1662
VAL     T1low  28  0.4942  1.44   13.8 0.464  0.129  1.408  20       0.5847
VAL     T2mid  65 -0.0891 -0.57   -5.8 0.323 -0.207  0.025  32      -0.1086
VAL    T3high  20 -0.2879 -1.47   -5.8 0.400 -0.320 -0.248  11      -0.2644

== primary by rank250_t
per rank250_t   n   avg_R     t  sum_R   win  L_avg  S_avg  nL  gross_avg_R
 IS     T1low 248  0.1054  1.19   26.1 0.444  0.180  0.015 136       0.2550
 IS     T2mid 152  0.0834  0.77   12.7 0.441  0.135  0.017  85       0.1945
 IS    T3high 110  0.1776  1.36   19.5 0.473  0.123  0.220  48       0.2094
 IS        na  22  0.2874  0.49    6.3 0.364  0.599 -0.162  13       0.3854
VAL     T1low  51  0.3447  1.52   17.6 0.451  0.201  0.550  30       0.3507
VAL     T2mid  38 -0.1412 -0.78   -5.4 0.316 -0.293  0.028  20      -0.1093
VAL    T3high  24 -0.4136 -1.90   -9.9 0.292 -0.596 -0.199  13      -0.3951

== primary by a_vs_m100_t
per a_vs_m100_t   n   avg_R     t  sum_R   win  L_avg  S_avg  nL  gross_avg_R
 IS       T1low 255  0.1941  1.88   49.5 0.443  0.339  0.012 142       0.3317
 IS       T2mid 190 -0.0129 -0.15   -2.4 0.411 -0.063  0.043 100       0.0937
 IS      T3high  78  0.2514  1.63   19.6 0.538  0.244  0.257  34       0.2872
 IS          na   9 -0.2220 -0.66   -2.0 0.444 -0.085 -0.496   6      -0.0957
VAL       T1low  71  0.2079  1.15   14.8 0.408  0.069  0.387  40       0.2157
VAL       T2mid  21 -0.4003 -1.93   -8.4 0.238 -0.404 -0.391  15      -0.3812
VAL      T3high  21 -0.1938 -0.78   -4.1 0.381 -0.538  0.018   8      -0.1609

== primary with/against 100d trend (bull/bear days only)
per with_trend   n   avg_R     t  sum_R   win  L_avg  S_avg  nL
 IS    against 182  0.1992  1.86   36.3 0.495  0.422  0.070  67
 IS       with 163  0.1706  1.64   27.8 0.479  0.125  0.260 108
VAL    against  38 -0.1189 -0.55   -4.5 0.316 -0.040 -0.197  19
VAL       with  42 -0.0616 -0.34   -2.6 0.429 -0.197  0.138  25

== primary by year
 year  n   avg_R     t  sum_R   win  L_avg  S_avg  nL  gross_avg_R
 2014 42  0.6534  1.77   27.4 0.524  0.548  0.825  26       0.8482
 2015 56 -0.0004 -0.00   -0.0 0.357 -0.044  0.058  32       0.1918
 2016 81 -0.0158 -0.11   -1.3 0.432 -0.041  0.007  39       0.0593
 2017 73  0.1276  0.90    9.3 0.521  0.452 -0.206  37       0.2144
 2018 64  0.0137  0.07    0.9 0.359 -0.052  0.075  31       0.1873
 2019 66  0.0168  0.10    1.1 0.424  0.133 -0.115  35       0.1168
 2020 74  0.1912  1.15   14.2 0.473  0.226  0.151  40       0.2828
 2021 76  0.1720  1.21   13.1 0.474  0.227  0.103  42       0.2309
 2022 57  0.0821  0.47    4.7 0.421 -0.194  0.330  27       0.1107
 2023 56 -0.0428 -0.22   -2.4 0.321 -0.066 -0.002  36      -0.0500
 year  avg_R  drop_best  winsor3R  max_R
 2014  0.653      0.383     0.353  11.75
 2015 -0.000     -0.072    -0.021   3.95
 2016 -0.016     -0.112    -0.079   7.65
 2017  0.128      0.073     0.110   4.06
 2018  0.014     -0.098    -0.066   7.08
 2019  0.017     -0.060    -0.018   5.02
 2020  0.191      0.119     0.131   5.46
 2021  0.172      0.127     0.165   3.53
 2022  0.082      0.031     0.082   2.97
 2023 -0.043     -0.138    -0.112   5.21
primary outliers {'avg': np.float64(0.1216), 'drop_best1': np.float64(0.0997), 'drop_best3': np.float64(0.0722), 'winsor3R': np.float64(0.0602), 'winsor5R': np.float64(0.0958), 'ex2014': np.float64(0.076)} {'avg': np.float64(0.0202), 'drop_best1': np.float64(-0.0261), 'drop_best3': np.float64(-0.0964), 'winsor3R': np.float64(-0.0142), 'winsor5R': np.float64(0.0184), 'ex2014': np.float64(0.0202)}

== fallback by trend
per trend   n   avg_R     t  sum_R   win  L_avg  S_avg  nL  gross_avg_R
 IS  bear 164  0.3347  3.17   54.9 0.512  0.356  0.306  94       0.3763
 IS  bull 255  0.0617  0.77   15.7 0.439 -0.048  0.180 132       0.1307
 IS    na  28  0.5273  1.76   14.8 0.571  0.408  0.665  15       0.6516
 IS  side 191 -0.0063 -0.08   -1.2 0.435  0.034 -0.060 109       0.0853
VAL  bear  42 -0.0729 -0.43   -3.1 0.405 -0.101 -0.036  24      -0.0203
VAL  bull  58  0.0061  0.04    0.4 0.397  0.191 -0.179  29       0.0293
VAL  side  47  0.1829  1.01    8.6 0.426 -0.052  0.473  26       0.2385

== fallback by slope100_t
per slope100_t   n   avg_R     t  sum_R   win  L_avg  S_avg  nL  gross_avg_R
 IS      T1low 209  0.3087  3.36   64.5 0.498  0.384  0.207 120       0.3486
 IS      T2mid 185 -0.0397 -0.52   -7.4 0.443 -0.093  0.029 104       0.0552
 IS     T3high 216  0.0568  0.64   12.3 0.431 -0.050  0.170 111       0.1302
 IS         na  28  0.5273  1.76   14.8 0.571  0.408  0.665  15       0.6516
VAL      T1low  55 -0.0198 -0.13   -1.1 0.382 -0.083  0.069  32       0.0290
VAL      T2mid  39  0.1133  0.56    4.4 0.436 -0.155  0.396  20       0.2160
VAL     T3high  53  0.0482  0.27    2.6 0.415  0.280 -0.193  27       0.0385

== fallback by atr_pct_t
per atr_pct_t   n   avg_R     t  sum_R   win  L_avg  S_avg  nL  gross_avg_R
 IS     T1low 219  0.1413  1.62   30.9 0.475  0.175  0.099 122       0.2336
 IS     T2mid 216  0.0318  0.40    6.9 0.431  0.053 -0.001 130       0.1012
 IS    T3high 203  0.2285  2.42   46.4 0.483  0.089  0.359  98       0.2787
VAL     T1low  27  0.3633  1.34    9.8 0.519  0.073  1.052  19       0.4527
VAL     T2mid  78  0.0328  0.24    2.6 0.385  0.201 -0.104  35       0.0238
VAL    T3high  42 -0.1543 -0.93   -6.5 0.381 -0.266  0.010  25      -0.0452

== fallback by rank250_t
per rank250_t   n   avg_R     t  sum_R   win  L_avg  S_avg  nL  gross_avg_R
 IS     T1low 209  0.1640  1.83   34.3 0.474  0.159  0.172 124       0.2672
 IS     T2mid 201  0.0907  1.09   18.2 0.453  0.071  0.121 122       0.1643
 IS    T3high 193  0.0940  1.02   18.1 0.451  0.027  0.149  87       0.1248
 IS        na  35  0.3871  1.51   13.5 0.514  0.368  0.405  17       0.4916
VAL     T1low  46  0.3315  1.62   15.2 0.500  0.304  0.368  26       0.3348
VAL     T2mid  54  0.0669  0.41    3.6 0.389  0.228 -0.083  26       0.1201
VAL    T3high  47 -0.2760 -2.00  -13.0 0.340 -0.446 -0.046  27      -0.2037

== fallback by a_vs_m100_t
per a_vs_m100_t   n   avg_R     t  sum_R   win  L_avg  S_avg  nL  gross_avg_R
 IS       T1low 214  0.1549  1.71   33.2 0.472  0.211  0.080 123       0.2483
 IS       T2mid 211  0.0687  0.85   14.5 0.427 -0.013  0.169 116       0.1408
 IS      T3high 191  0.1133  1.26   21.6 0.471  0.053  0.179 100       0.1517
 IS          na  22  0.6775  1.90   14.9 0.636  0.659  0.696  11       0.8370
VAL       T1low  62  0.2422  1.40   15.0 0.452  0.194  0.301  34       0.2666
VAL       T2mid  37 -0.1189 -0.65   -4.4 0.351  0.080 -0.329  19      -0.0977
VAL      T3high  48 -0.0985 -0.65   -4.7 0.396 -0.243  0.072  26      -0.0142

== fallback with/against 100d trend (bull/bear days only)
per with_trend   n   avg_R     t  sum_R   win  L_avg  S_avg  nL
 IS    against 217  0.2559  2.67   55.5 0.493  0.356  0.180  94
 IS       with 202  0.0747  0.88   15.1 0.441 -0.048  0.306 132
VAL    against  53 -0.1436 -0.94   -7.6 0.358 -0.101 -0.179  24
VAL       with  47  0.1043  0.56    4.9 0.447  0.191 -0.036  29

== fallback by year
 year   n   avg_R     t  sum_R   win  L_avg  S_avg  nL  gross_avg_R
 2014  74  0.5034  2.73   37.3 0.514  0.402  0.630  41       0.6121
 2015  55  0.1028  0.66    5.7 0.436  0.113  0.094  26       0.1982
 2016 101  0.0276  0.23    2.8 0.465 -0.062  0.127  53       0.0801
 2017  77  0.1036  0.81    8.0 0.506  0.104  0.103  45       0.1999
 2018  81 -0.0123 -0.09   -1.0 0.407  0.133 -0.154  40       0.0280
 2019  79 -0.0269 -0.21   -2.1 0.430 -0.028 -0.026  42       0.0526
 2020  90  0.1516  1.08   13.6 0.478  0.075  0.239  48       0.2212
 2021  81  0.2468  1.65   20.0 0.457  0.152  0.447  55       0.2954
 2022  78  0.0583  0.41    4.5 0.410 -0.067  0.190  40       0.1193
 2023  69  0.0194  0.14    1.3 0.406  0.115 -0.105  39       0.0372
 year  avg_R  drop_best  winsor3R  max_R
 2014  0.503      0.418     0.420   6.76
 2015  0.103      0.053     0.103   2.77
 2016  0.028     -0.049    -0.018   7.65
 2017  0.104      0.051     0.090   4.06
 2018 -0.012     -0.063    -0.033   4.03
 2019 -0.027     -0.061    -0.027   2.65
 2020  0.152      0.086     0.103   5.98
 2021  0.247      0.177     0.201   5.87
 2022  0.058      0.021     0.058   2.97
 2023  0.019     -0.040    -0.003   4.06
fallback outliers {'avg': np.float64(0.132), 'drop_best1': np.float64(0.1201), 'drop_best3': np.float64(0.1005), 'winsor3R': np.float64(0.098), 'winsor5R': np.float64(0.1221), 'ex2014': np.float64(0.0832)} {'avg': np.float64(0.0401), 'drop_best1': np.float64(0.0125), 'drop_best3': np.float64(-0.0323), 'winsor3R': np.float64(0.0294), 'winsor5R': np.float64(0.0401), 'ex2014': np.float64(0.0401)}

== unfiltered_re5 by trend
per trend   n   avg_R     t  sum_R   win  L_avg  S_avg  nL  gross_avg_R
 IS  bear 493  0.0757  1.04   37.3 0.379  0.135  0.004 271       0.1947
 IS  bull 721 -0.0100 -0.18   -7.2 0.369 -0.027  0.009 372       0.0969
 IS    na  82 -0.0302 -0.18   -2.5 0.366 -0.174  0.163  47       0.0987
 IS  side 637  0.0700  0.99   44.6 0.369 -0.026  0.190 354       0.1700
VAL  bear 145 -0.1089 -0.79  -15.8 0.310 -0.174 -0.031  79      -0.0119
VAL  bull 203  0.0336  0.28    6.8 0.335  0.008  0.059 101       0.0981
VAL  side 147  0.1602  1.06   23.5 0.340  0.085  0.247  79       0.2412

== unfiltered_re5 by slope100_t
per slope100_t   n   avg_R     t  sum_R   win  L_avg  S_avg  nL  gross_avg_R
 IS      T1low 623  0.1472  2.14   91.7 0.393  0.241  0.035 340       0.2573
 IS      T2mid 615 -0.0392 -0.58  -24.1 0.348 -0.219  0.183 340       0.0665
 IS     T3high 613  0.0116  0.19    7.1 0.374  0.031 -0.009 317       0.1183
 IS         na  82 -0.0302 -0.18   -2.5 0.366 -0.174  0.163  47       0.0987
VAL      T1low 177 -0.1047 -0.85  -18.5 0.294 -0.191 -0.005  95      -0.0123
VAL      T2mid 134  0.2364  1.42   31.7 0.373  0.222  0.253  73       0.3267
VAL     T3high 184  0.0078  0.06    1.4 0.332 -0.047  0.062  91       0.0653

== unfiltered_re5 by atr_pct_t
per atr_pct_t   n   avg_R     t  sum_R   win  L_avg  S_avg  nL  gross_avg_R
 IS     T1low 647  0.1725  2.33  111.6 0.391  0.182  0.161 341       0.3324
 IS     T2mid 645 -0.0371 -0.59  -23.9 0.344 -0.100  0.044 362       0.0460
 IS    T3high 641 -0.0240 -0.44  -15.4 0.379 -0.050  0.005 341       0.0589
VAL     T1low 102  0.0066  0.04    0.7 0.294 -0.149  0.248  62       0.0924
VAL     T2mid 202  0.1119  0.89   22.6 0.351  0.170  0.055 100       0.1960
VAL    T3high 191 -0.0456 -0.39   -8.7 0.325 -0.144  0.056  97       0.0237

== unfiltered_re5 by rank250_t
per rank250_t   n   avg_R     t  sum_R   win  L_avg  S_avg  nL  gross_avg_R
 IS     T1low 601  0.1785  2.37  107.3 0.391  0.110  0.256 320       0.3296
 IS     T2mid 618 -0.0416 -0.66  -25.7 0.345 -0.064 -0.012 351       0.0591
 IS    T3high 599 -0.0316 -0.57  -18.9 0.387 -0.005 -0.060 305       0.0401
 IS        na 115  0.0840  0.43    9.7 0.330 -0.035  0.255  68       0.2105
VAL     T1low 138  0.0296  0.20    4.1 0.326 -0.082  0.189  81       0.0650
VAL     T2mid 162  0.1568  0.99   25.4 0.346  0.229  0.088  79       0.2921
VAL    T3high 195 -0.0765 -0.73  -14.9 0.318 -0.178  0.028  99      -0.0147

== unfiltered_re5 by a_vs_m100_t
per a_vs_m100_t   n   avg_R     t  sum_R   win  L_avg  S_avg  nL  gross_avg_R
 IS       T1low 623  0.1295  1.69   80.7 0.364  0.130  0.128 338       0.2605
 IS       T2mid 629 -0.0498 -0.85  -31.3 0.350 -0.093 -0.001 333       0.0635
 IS      T3high 624  0.0204  0.34   12.7 0.394 -0.006  0.052 338       0.1046
 IS          na  57  0.1785  0.83   10.2 0.439 -0.057  0.552  35       0.2603
VAL       T1low 193  0.0812  0.66   15.7 0.342 -0.015  0.195 105       0.1737
VAL       T2mid  99 -0.2800 -2.04  -27.7 0.253 -0.144 -0.418  50      -0.2253
VAL      T3high 203  0.1312  0.99   26.6 0.355  0.025  0.243 104       0.2108

== unfiltered_re5 with/against 100d trend (bull/bear days only)
per with_trend   n   avg_R     t  sum_R   win  L_avg  S_avg  nL
 IS    against 620  0.0637  0.97   39.5 0.371  0.135  0.009 271
 IS       with 594 -0.0157 -0.26   -9.4 0.375 -0.027  0.004 372
VAL    against 181 -0.0429 -0.31   -7.8 0.293 -0.174  0.059  79
VAL       with 167 -0.0072 -0.06   -1.2 0.359  0.008 -0.031 101

== unfiltered_re5 by year
 year   n   avg_R     t  sum_R   win  L_avg  S_avg  nL  gross_avg_R
 2014 230  0.0997  0.79   22.9 0.348  0.025  0.218 141       0.2017
 2015 244  0.0613  0.55   14.9 0.352 -0.090  0.272 142       0.1999
 2016 232  0.0271  0.28    6.3 0.397  0.109 -0.056 117       0.1596
 2017 239  0.0868  0.85   20.8 0.406  0.112  0.061 123       0.2154
 2018 250  0.0603  0.53   15.1 0.364  0.100  0.025 118       0.1777
 2019 246 -0.1166 -1.32  -28.7 0.350 -0.119 -0.114 137       0.0293
 2020 243  0.0357  0.38    8.7 0.403  0.174 -0.118 128       0.0874
 2021 249  0.0493  0.46   12.3 0.353 -0.190  0.347 138       0.1037
 2022 252  0.0079  0.08    2.0 0.337 -0.042  0.060 129       0.1055
 2023 243  0.0518  0.43   12.6 0.321 -0.006  0.119 130       0.1110
 year  avg_R  drop_best  winsor3R  max_R
 2014  0.100      0.049    -0.062  11.75
 2015  0.061      0.028    -0.058   8.20
 2016  0.027     -0.006    -0.051   7.65
 2017  0.087      0.056     0.009   7.40
 2018  0.060      0.005    -0.078  13.76
 2019 -0.117     -0.143    -0.170   6.28
 2020  0.036      0.011    -0.037   5.98
 2021  0.049      0.010    -0.075   9.70
 2022  0.008     -0.027    -0.082   8.64
 2023  0.052      0.001    -0.102  12.36
unfiltered_re5 outliers {'avg': np.float64(0.0374), 'drop_best1': np.float64(0.0303), 'drop_best3': np.float64(0.0186), 'winsor3R': np.float64(-0.0657), 'winsor5R': np.float64(-0.0003), 'ex2014': np.float64(0.029)} {'avg': np.float64(0.0294), 'drop_best1': np.float64(0.0045), 'drop_best3': np.float64(-0.0332), 'winsor3R': np.float64(-0.0916), 'winsor5R': np.float64(-0.0094), 'ex2014': np.float64(0.0294)}
primary {'r12m': {'n_windows': 108, 'min': np.float64(-0.168), 'min_end': '2019-08', 'max': np.float64(0.636), 'max_end': '2015-02', 'frac_neg': np.float64(0.278), 'frac_below_minus0p1': np.float64(0.074), 'median': np.float64(0.068), 'q10': np.float64(-0.07), 'q90': np.float64(0.279), 'by_dec': {'2015-12': -0.0, '2016-12': -0.016, '2017-12': 0.128, '2018-12': 0.014, '2019-12': 0.017, '2020-12': 0.191, '2021-12': 0.172, '2022-12': 0.082, '2023-12': -0.043}}, 'r100': {'n_windows': 546, 'min': np.float64(-0.14), 'min_date': '2019-09-16', 'max': np.float64(0.352), 'max_date': '2016-04-21', 'frac_neg': np.float64(0.227), 'median': np.float64(0.071), 'q05': np.float64(-0.064), 'q10': np.float64(-0.033), 'last': np.float64(-0.016)}, 'dir_roll60': {'long_frac_neg': np.float64(0.185), 'long_min': np.float64(-0.138), 'short_frac_neg': np.float64(0.349), 'short_min': np.float64(-0.168)}, 'rolling_long_minus_short_12m_corr_with_slope': 0.202}
fallback {'r12m': {'n_windows': 109, 'min': np.float64(-0.141), 'min_end': '2019-04', 'max': np.float64(0.503), 'max_end': '2014-12', 'frac_neg': np.float64(0.239), 'frac_below_minus0p1': np.float64(0.046), 'median': np.float64(0.091), 'q10': np.float64(-0.051), 'q90': np.float64(0.292), 'by_dec': {'2014-12': 0.503, '2015-12': 0.103, '2016-12': 0.028, '2017-12': 0.104, '2018-12': -0.012, '2019-12': -0.027, '2020-12': 0.152, '2021-12': 0.247, '2022-12': 0.058, '2023-12': 0.019}}, 'r100': {'n_windows': 686, 'min': np.float64(-0.149), 'min_date': '2019-05-13', 'max': np.float64(0.328), 'max_date': '2015-07-21', 'frac_neg': np.float64(0.227), 'median': np.float64(0.075), 'q05': np.float64(-0.078), 'q10': np.float64(-0.042), 'last': np.float64(0.069)}, 'dir_roll60': {'long_frac_neg': np.float64(0.254), 'long_min': np.float64(-0.271), 'short_frac_neg': np.float64(0.279), 'short_min': np.float64(-0.151)}, 'rolling_long_minus_short_12m_corr_with_slope': 0.063}
 year  valid_days  pass_w030  pass_regime  pass_both  pass_w035  pass_regime_given_w  med_w_atr  med_width_usd  med_atr_usd  med_atr_pct  med_width_pct  mean_slope100  trades_primary  trades_fallback
 2014         232      0.457        0.457      0.198      0.362                0.434      0.282           4.50        15.75        1.233          0.358         -0.114              42               74
 2015         258      0.407        0.605      0.256      0.260                0.629      0.276           4.45        15.82        1.378          0.372         -0.078              56               55
 2016         258      0.597        0.605      0.353      0.473                0.591      0.343           5.92        17.00        1.397          0.487          0.116              81              101
 2017         257      0.525        0.564      0.327      0.358                0.622      0.305           3.83        12.25        0.980          0.308          0.020              73               77
 2018         258      0.562        0.527      0.267      0.341                0.476      0.315           3.75        11.86        0.956          0.298         -0.056              64               81
 2019         258      0.484        0.554      0.271      0.345                0.560      0.287           4.07        12.75        0.951          0.306          0.197              66               79
 2020         259      0.548        0.583      0.320      0.398                0.585      0.318           8.70        26.99        1.497          0.494          0.232              74               90
 2021         258      0.539        0.562      0.318      0.337                0.590      0.308           7.28        23.30        1.294          0.409         -0.055              76               81
 2022         258      0.446        0.469      0.229      0.322                0.513      0.283           7.41        24.52        1.366          0.412         -0.048              57               78
 2023         257      0.436        0.580      0.261      0.307                0.598      0.276           6.43        23.37        1.201          0.328          0.129              56               69
quarter corr with atr_pct {'pass_w': -0.112, 'pass_reg': -0.062, 'pass_both': -0.081, 'med_wa': -0.072} 
with |slope| {'pass_w': 0.191, 'pass_reg': -0.02, 'pass_both': 0.07, 'med_wa': 0.211} 
with slope {'pass_w': 0.093, 'pass_reg': 0.137, 'pass_both': 0.175, 'med_wa': 0.202} 
with log atr growth {'pass_w': 0.564, 'pass_reg': -0.767, 'pass_both': -0.223, 'med_wa': 0.481}
           w    reg   both  days
trend                           
bear   0.503  0.486  0.258   664
bull   0.503  0.583  0.304   988
na     0.486  0.446  0.189    74
side   0.497  0.576  0.281   827
               w    reg   both  days
atr_pct_t                           
T1low      0.525  0.702  0.361   785
T2mid      0.519  0.601  0.302   887
T3high     0.461  0.368  0.188   881
                 w    reg   both  days
a_vs_m100_t                           
T1low        0.510  0.835  0.421   860
T2mid        0.536  0.546  0.304   767
T3high       0.457  0.285  0.129   878
na           0.562  0.438  0.188    48
    width_usd  cost_R    net  gross    n
wq                                      
Q1      4.051   0.062  0.174  0.236  156
Q2      5.787   0.062  0.036  0.098  154
Q3      8.124   0.031  0.399  0.430  154
Q4     11.220   0.035 -0.034  0.001  155
     width_pct  cost_R    net  gross    n
wpq                                      
Q1         NaN   0.059  0.122  0.182  155
Q2         NaN   0.046  0.200  0.246  155
Q3         NaN   0.042  0.090  0.132  154
Q4         NaN   0.043  0.160  0.203  155
      width_usd  cost_R    net  gross
year                                 
2014      5.870   0.038  0.782  0.820
2015      5.760   0.078  0.079  0.157
2016      6.570   0.044  0.023  0.067
2017      4.930   0.062  0.144  0.206
2018      4.495   0.073  0.083  0.156
2019      4.769   0.045  0.045  0.090
2020     10.280   0.055  0.242  0.297
2021      8.544   0.027  0.204  0.231
2022      8.950   0.029  0.082  0.111
2023      8.409   0.025 -0.057 -0.032
          atr  gross    n
atr_q                    
Q1     11.775  0.298  601
Q2     15.321  0.061  601
Q3     20.796  0.188  600
Q4     27.316  0.006  601
       wa  gross
wa_q            
Q1    601  0.226
Q2    601  0.039
Q3    600  0.145
Q4    601  0.144
