per  slope_bucket   n   avg_R     t  sum_R   win      L      S
 IS (-9.0, -0.25]  38  0.2880  1.14   10.9 0.526  0.223  0.369
 IS (-0.25, -0.1]  84  0.3764  2.66   31.6 0.548  0.513  0.212
 IS   (-0.1, 0.0] 100  0.1542  0.84   15.4 0.370  0.372 -0.082
 IS    (0.0, 0.1]  74 -0.1660 -1.29  -12.3 0.365 -0.201 -0.105
 IS   (0.1, 0.25] 130  0.1696  1.27   22.0 0.477  0.254  0.071
 IS   (0.25, 0.4]  56 -0.0551 -0.40   -3.1 0.446 -0.106 -0.011
 IS    (0.4, 9.0]  37  0.0690  0.30    2.6 0.405 -0.128  0.163
VAL (-9.0, -0.25]  19  0.3477  1.27    6.6 0.632  0.322  0.363
VAL (-0.25, -0.1]  17 -0.2955 -1.23   -5.0 0.294 -0.251 -0.401
VAL   (-0.1, 0.0]  18  0.1904  0.45    3.4 0.333 -0.276  0.923
VAL    (0.0, 0.1]  15  0.3976  0.97    6.0 0.400  0.143  0.688
VAL   (0.1, 0.25]  19 -0.1617 -0.62   -3.1 0.316 -0.164 -0.158
VAL   (0.25, 0.4]  24 -0.1916 -0.63   -4.6 0.292 -0.162 -0.226
VAL    (0.4, 9.0]   1 -1.0164   NaN   -1.0 0.000 -1.016    NaN
 slope_bucket   n   avg_R     t  sum_R   win      L      S                                                        years
(-9.0, -0.25]  57  0.3079  1.62   17.6 0.561  0.248  0.366                         [2014, 2015, 2016, 2017, 2018, 2022]
(-0.25, -0.1] 101  0.2633  2.08   26.6 0.505  0.354  0.140       [2014, 2015, 2016, 2017, 2018, 2020, 2021, 2022, 2023]
  (-0.1, 0.0] 118  0.1597  0.95   18.8 0.364  0.259  0.046 [2014, 2015, 2016, 2017, 2018, 2019, 2020, 2021, 2022, 2023]
   (0.0, 0.1]  89 -0.0710 -0.55   -6.3 0.371 -0.151  0.058       [2014, 2015, 2017, 2018, 2019, 2020, 2021, 2022, 2023]
  (0.1, 0.25] 149  0.1273  1.05   19.0 0.456  0.197  0.044       [2015, 2016, 2017, 2018, 2019, 2020, 2021, 2022, 2023]
  (0.25, 0.4]  80 -0.0960 -0.73   -7.7 0.400 -0.125 -0.069                         [2016, 2017, 2019, 2020, 2022, 2023]
   (0.4, 9.0]  38  0.0404  0.18    1.5 0.395 -0.196  0.163                                     [2016, 2019, 2020, 2023]
        mean                       size                  
trend   bear   bull     na   side  bear  bull    na  side
year                                                     
2014   1.607    NaN -0.195  0.776   9.0   NaN  13.0  20.0
2015   0.295  2.391    NaN -0.270  22.0   1.0   NaN  33.0
2016   0.094 -0.018    NaN -0.931  26.0  52.0   NaN   3.0
2017  -0.005  0.347    NaN -0.112   9.0  36.0   NaN  28.0
2018  -0.021  0.331    NaN -0.109  14.0  15.0   NaN  35.0
2019     NaN  0.002    NaN  0.045   NaN  43.0   NaN  23.0
2020   0.182  0.134    NaN  0.901   9.0  60.0   NaN   5.0
2021   0.541 -0.343    NaN  0.026  33.0  16.0   NaN  27.0
2022   0.156 -0.436    NaN  0.322  23.0  13.0   NaN  21.0
2023  -0.154 -0.097    NaN  0.219  13.0  31.0   NaN  12.0
bear_IS {'n': 122, 'avg_R': 0.3488, 't': 2.8, 'sum_R': 42.6, 'win': 0.541}
bear_IS_ex2014 {'n': 113, 'avg_R': 0.2486, 't': 2.13, 'sum_R': 28.1, 'win': 0.522}
bear_IS_ex_top3 {'n': 119, 'avg_R': 0.2419, 't': 2.22, 'sum_R': 28.8, 'win': 0.529}
nonbear_IS {'n': 410, 'avg_R': 0.0539, 't': 0.75, 'sum_R': 22.1, 'win': 0.417}
nonbear_IS_ex2014 {'n': 377, 'avg_R': 0.0242, 't': 0.35, 'sum_R': 9.1, 'win': 0.414}
bull_strong_gt0.25_ISVAL {'n': 118, 'avg_R': -0.0521, 't': -0.45, 'sum_R': -6.1, 'win': 0.398}
bull_gt0.10_ISVAL {'n': 267, 'avg_R': 0.048, 't': 0.57, 'sum_R': 12.8, 'win': 0.431}
slope_gt0_ISVAL {'n': 356, 'avg_R': 0.0183, 't': 0.26, 'sum_R': 6.5, 'win': 0.416}
slope_le0_ISVAL {'n': 276, 'avg_R': 0.2282, 't': 2.43, 'sum_R': 63.0, 'win': 0.457}
slope>0.10 1 {'n': 133, 'avg_R': 0.0644, 't': 0.56, 'sum_R': 8.6, 'win': 0.444}
slope>0.10 -1 {'n': 134, 'avg_R': 0.0318, 't': 0.26, 'sum_R': 4.3, 'win': 0.418}
slope<=0.10 1 {'n': 204, 'avg_R': 0.174, 't': 1.6, 'sum_R': 35.5, 'win': 0.441}
slope<=0.10 -1 {'n': 161, 'avg_R': 0.1315, 't': 1.19, 'sum_R': 21.2, 'win': 0.429}
