primary {'IS_n': 532, 'IS_avg': np.float64(0.1216), 'IS_t': np.float64(1.94), 'IS_yrs_pos': 6, 'VAL_n': 113, 'VAL_avg': np.float64(0.0202), 'VAL_t': np.float64(0.16), 'ALL_avg': np.float64(0.1038), 'ALL_t': np.float64(1.83)}
          knob      change  value  IS_n  IS_avg  IS_t  IS_yrs_pos  VAL_n  VAL_avg  VAL_t  ALL_avg  ALL_t
   range_start   -20%(-1h) -1.000   602  0.1387  2.38           6    129   0.0056   0.05   0.1152   2.21
   range_start -10%(-0.5h) -0.500   564  0.1062  1.75           6    114   0.0137   0.11   0.0907   1.65
   range_start +10%(+0.5h)  0.500   484  0.1841  2.67           8    106   0.0230   0.17   0.1552   2.51
   range_start   +20%(+1h)  1.000   440  0.1719  2.39           7     96   0.0850   0.55   0.1563   2.40
     range_end        -20%  4.000   482  0.1850  2.63           7     98  -0.0249  -0.18   0.1495   2.38
     range_end        -10%  4.500   512  0.1521  2.29           7    107   0.0634   0.45   0.1368   2.28
     range_end        +10%  5.500   557  0.1487  2.38           8    120   0.0301   0.25   0.1277   2.30
     range_end        +20%  6.000   577  0.1331  2.24           7    127   0.0823   0.72   0.1239   2.35
     entry_end        -20%  9.600   501  0.1257  1.92           5    108   0.0249   0.18   0.1078   1.83
     entry_end        -10% 10.800   521  0.1210  1.90           6    111   0.0341   0.26   0.1057   1.84
     entry_end        +10% 13.200   555  0.1157  1.90           7    116   0.0040   0.03   0.0964   1.76
     entry_end        +20% 14.400   572  0.1114  1.88           7    122   0.0395   0.32   0.0988   1.85
     exit_time        -20% 16.000   532  0.1101  2.02           6    113   0.0360   0.29   0.0971   1.95
     exit_time        -10% 18.000   532  0.1338  2.20           8    113   0.0498   0.39   0.1191   2.17
     exit_time        +10% 22.000   532  0.1209  1.90           7    113   0.0061   0.05   0.1007   1.76
     exit_time        +20% 24.000   532  0.1144  1.83           7    113  -0.0092  -0.07   0.0928   1.64
          sl_k        -20%  0.800   532  0.1411  1.87           6    113   0.0417   0.27   0.1236   1.82
          sl_k        -10%  0.900   532  0.1470  2.15           8    113  -0.0040  -0.03   0.1205   1.95
          sl_k        +10%  1.100   532  0.1041  1.80           6    113   0.0192   0.16   0.0893   1.71
          sl_k        +20%  1.200   532  0.0846  1.57           6    113   0.0178   0.16   0.0729   1.50
     min_w_atr        -20%  0.240   764  0.0917  1.63           5    174  -0.0079  -0.08   0.0732   1.48
     min_w_atr        -10%  0.270   645  0.0964  1.65           7    145  -0.0368  -0.32   0.0720   1.38
     min_w_atr        +10%  0.330   412  0.1365  2.16           6     94   0.0235   0.18   0.1155   2.02
     min_w_atr        +20%  0.360   325  0.1784  2.49           7     74   0.0989   0.67   0.1636   2.54
  atr_regime_n        -20% 16.000   520  0.1261  1.98           7    107   0.0109   0.08   0.1064   1.85
  atr_regime_n        -10% 18.000   527  0.1195  1.89           7    108   0.0459   0.34   0.1070   1.87
  atr_regime_n        +10% 22.000   530  0.1131  1.79           4    117   0.0649   0.51   0.1044   1.84
  atr_regime_n        +20% 24.000   538  0.0900  1.44           4    122   0.0397   0.32   0.0807   1.45
atr_regime_max        -20%  0.800    45  0.1467  0.72           5     17  -0.2982  -0.97   0.0247   0.14
atr_regime_max        -10%  0.900   232  0.0754  0.83           5     56   0.0300   0.16   0.0666   0.81
atr_regime_max        +10%  1.100   752  0.1066  2.08           7    154   0.0243   0.23   0.0926   2.00
atr_regime_max        +20%  1.200   859  0.0836  1.79           6    181  -0.0165  -0.17   0.0662   1.57
    commission        -20%  0.056   532  0.1239  1.97           7    113   0.0219   0.17   0.1060   1.87
    commission        -10%  0.063   532  0.1227  1.95           7    113   0.0210   0.16   0.1049   1.85
    commission        +10%  0.077   532  0.1204  1.92           6    113   0.0194   0.15   0.1027   1.81
    commission        +20%  0.084   532  0.1192  1.90           6    113   0.0186   0.14   0.1016   1.80
          slip        -20%  0.040   532  0.1242  1.98           7    113   0.0220   0.17   0.1063   1.88
          slip        -10%  0.045   532  0.1229  1.96           7    113   0.0211   0.16   0.1050   1.86
          slip        +10%  0.055   532  0.1202  1.91           6    113   0.0193   0.15   0.1026   1.81
          slip        +20%  0.060   532  0.1189  1.89           6    113   0.0185   0.14   0.1013   1.79
    max_spread        -20%  0.800   532  0.1216  1.94           6    113   0.0202   0.16   0.1038   1.83
    max_spread        -10%  0.900   532  0.1216  1.94           6    113   0.0202   0.16   0.1038   1.83
    max_spread        +10%  1.100   532  0.1216  1.94           6    113   0.0202   0.16   0.1038   1.83
    max_spread        +20%  1.200   532  0.1216  1.94           6    113   0.0202   0.16   0.1038   1.83
{'n': 32, 'IS_min': np.float64(0.0754), 'IS_max': np.float64(0.185), 'IS_frac_pos': np.float64(1.0), 'VAL_min': np.float64(-0.2982), 'VAL_max': np.float64(0.0989), 'VAL_frac_pos': np.float64(0.78125), 'IS_frac_below_half_base': np.float64(0.0), 'worst_IS': {'knob': 'atr_regime_max', 'change': '-10%', 'IS_avg': 0.0754, 'VAL_avg': 0.03}, 'worst_VAL': {'knob': 'atr_regime_max', 'change': '-20%', 'IS_avg': 0.1467, 'VAL_avg': -0.2982}}
                                  variant  IS_n  IS_avg  IS_t  IS_yrs_pos  VAL_n  VAL_avg  VAL_t  ALL_avg  ALL_t
                               buf_k=0.05   512  0.1448  2.26           7    107  -0.0212  -0.16   0.1161   2.01
                               buf_k=0.10   481  0.1488  2.24           6    101   0.0072   0.05   0.1242   2.08
                             buf_atr=0.02   512  0.1473  2.30           7    108  -0.0351  -0.27   0.1155   2.00
                             buf_atr=0.05   477  0.1329  2.00           6     96   0.0301   0.21   0.1157   1.93
                                   tp_r=3   532  0.0762  1.41           5    113   0.0059   0.05   0.0639   1.29
                                   tp_r=5   532  0.0967  1.69           5    113   0.0304   0.23   0.0850   1.62
                                   tp_r=8   532  0.1168  1.91           6    113   0.0202   0.16   0.0999   1.80
                                   be_r=2   532  0.1277  2.04           6    113   0.0202   0.16   0.1089   1.93
                                   be_r=3   532  0.1216  1.94           6    113   0.0202   0.16   0.1038   1.83
                                trail_r=3   532  0.1198  1.91           6    113   0.0202   0.16   0.1023   1.81
                            max_w_atr=1.5   532  0.1216  1.94           6    113   0.0202   0.16   0.1038   1.83
                            max_w_atr=1.0   530  0.1213  1.92           6    113   0.0202   0.16   0.1035   1.82
                             max_trades=2   603  0.1078  1.85           7    129   0.0361   0.29   0.0951   1.80
                 entry_mode=1 (15m close)   466  0.1122  1.67           6     99   0.0272   0.20   0.0973   1.62
sl_ref=1 sl_k=0.35 (ATR stop, ~same size)   532  0.1433  2.07           7    113  -0.0224  -0.15   0.1143   1.82
                 sl_ref=2 (opposite edge)   532  0.1165  1.87           6    113   0.0167   0.13   0.0990   1.76
                           trend=100 with   287  0.1469  1.82           6     69  -0.0333  -0.21   0.1120   1.55
                                 skip_nfp   517  0.1234  1.93           6    109  -0.0043  -0.03   0.1012   1.76
           no regime filter (=w0.30 only)   945  0.0826  1.86           5    209   0.0248   0.27   0.0721   1.81
            no width filter (regime only)  1075  0.1154  2.11           7    257   0.1001   0.93   0.1125   2.31
                               no filters  1933  0.0374  1.00           7    495   0.0294   0.38   0.0358   1.06
primary 0.1 {'base': {'IS_n': 532, 'IS_avg': np.float64(0.1216), 'IS_t': np.float64(1.94), 'IS_yrs_pos': 6, 'VAL_n': 113, 'VAL_avg': np.float64(0.0202), 'VAL_t': np.float64(0.16), 'ALL_avg': np.float64(0.1038), 'ALL_t': np.float64(1.83)}, 'IS': {'q05': 0.0584, 'q25': 0.0963, 'q50': 0.1303, 'q75': 0.1718, 'q95': 0.2406}, 'VAL': {'q05': -0.0506, 'q25': -0.0057, 'q50': 0.0258, 'q75': 0.0737, 'q95': 0.128}, 'ALL': {'q05': 0.0468, 'q25': 0.0811, 'q50': 0.1105, 'q75': 0.1468, 'q95': 0.2132}, 'IS_frac_pos': 1.0, 'VAL_frac_pos': 0.71, 'ALL_frac_pos': 1.0, 'IS_frac_ge_base': 0.57, 'VAL_frac_ge_base': 0.565, 'IS_frac_t_gt2': 0.49, 'IS_frac_gt_0p05': 0.975, 'VAL_frac_gt_0p05': 0.34, 'corr_IS_VAL': 0.461, 'mean_IS_n': 502.9, 'sensitivity_per_1sd': {'IS_avg': {'range_start': 0.0283, 'range_end': -0.0042, 'entry_end': -0.0034, 'exit_time': -0.0039, 'sl_k': -0.0135, 'min_w_atr': 0.0173, 'atr_regime_n': -0.0058, 'atr_regime_max': -0.0249}, 'VAL_avg': {'range_start': 0.0085, 'range_end': 0.0053, 'entry_end': -0.0082, 'exit_time': 0.0053, 'sl_k': 0.0091, 'min_w_atr': 0.0344, 'atr_regime_n': -0.0021, 'atr_regime_max': -0.0109}}}
primary 0.2 {'base': {'IS_n': 532, 'IS_avg': np.float64(0.1216), 'IS_t': np.float64(1.94), 'IS_yrs_pos': 6, 'VAL_n': 113, 'VAL_avg': np.float64(0.0202), 'VAL_t': np.float64(0.16), 'ALL_avg': np.float64(0.1038), 'ALL_t': np.float64(1.83)}, 'IS': {'q05': 0.0384, 'q25': 0.084, 'q50': 0.1237, 'q75': 0.1717, 'q95': 0.3024}, 'VAL': {'q05': -0.1001, 'q25': -0.0384, 'q50': 0.0135, 'q75': 0.0669, 'q95': 0.2514}, 'ALL': {'q05': 0.0243, 'q25': 0.0709, 'q50': 0.1084, 'q75': 0.1472, 'q95': 0.2695}, 'IS_frac_pos': 1.0, 'VAL_frac_pos': 0.575, 'ALL_frac_pos': 0.985, 'IS_frac_ge_base': 0.505, 'VAL_frac_ge_base': 0.47, 'IS_frac_t_gt2': 0.33, 'IS_frac_gt_0p05': 0.91, 'VAL_frac_gt_0p05': 0.335, 'corr_IS_VAL': 0.258, 'mean_IS_n': 493.2, 'sensitivity_per_1sd': {'IS_avg': {'range_start': 0.0172, 'range_end': -0.0081, 'entry_end': -0.0048, 'exit_time': -0.0069, 'sl_k': -0.0202, 'min_w_atr': 0.0261, 'atr_regime_n': -0.0156, 'atr_regime_max': -0.0495}, 'VAL_avg': {'range_start': 0.0222, 'range_end': 0.0208, 'entry_end': 0.015, 'exit_time': -0.0009, 'sl_k': 0.0069, 'min_w_atr': 0.0583, 'atr_regime_n': 0.0075, 'atr_regime_max': -0.0339}}}
fallback 0.1 {'base': {'IS_n': 638, 'IS_avg': np.float64(0.132), 'IS_t': np.float64(2.63), 'IS_yrs_pos': 6, 'VAL_n': 147, 'VAL_avg': np.float64(0.0401), 'VAL_t': np.float64(0.4), 'ALL_avg': np.float64(0.1147), 'ALL_t': np.float64(2.56)}, 'IS': {'q05': 0.0514, 'q25': 0.0773, 'q50': 0.0958, 'q75': 0.115, 'q95': 0.1309}, 'VAL': {'q05': -0.0313, 'q25': 0.0161, 'q50': 0.0438, 'q75': 0.0731, 'q95': 0.1087}, 'ALL': {'q05': 0.0466, 'q25': 0.068, 'q50': 0.0879, 'q75': 0.102, 'q95': 0.1193}, 'IS_frac_pos': 1.0, 'VAL_frac_pos': 0.83, 'ALL_frac_pos': 1.0, 'IS_frac_ge_base': 0.045, 'VAL_frac_ge_base': 0.53, 'IS_frac_t_gt2': 0.41, 'IS_frac_gt_0p05': 0.96, 'VAL_frac_gt_0p05': 0.425, 'corr_IS_VAL': 0.142, 'mean_IS_n': 636.6, 'sensitivity_per_1sd': {'IS_avg': {'range_start': 0.0083, 'range_end': 0.0014, 'entry_end': 0.0003, 'exit_time': -0.0005, 'sl_k': -0.0092, 'min_w_atr': 0.0006}, 'VAL_avg': {'range_start': 0.0203, 'range_end': 0.0111, 'entry_end': -0.0109, 'exit_time': 0.0081, 'sl_k': 0.0113, 'min_w_atr': 0.0132}}}
fallback 0.2 {'base': {'IS_n': 638, 'IS_avg': np.float64(0.132), 'IS_t': np.float64(2.63), 'IS_yrs_pos': 6, 'VAL_n': 147, 'VAL_avg': np.float64(0.0401), 'VAL_t': np.float64(0.4), 'ALL_avg': np.float64(0.1147), 'ALL_t': np.float64(2.56)}, 'IS': {'q05': 0.0286, 'q25': 0.0543, 'q50': 0.0748, 'q75': 0.0972, 'q95': 0.1221}, 'VAL': {'q05': -0.0558, 'q25': -0.0024, 'q50': 0.0353, 'q75': 0.0654, 'q95': 0.1146}, 'ALL': {'q05': 0.0312, 'q25': 0.0484, 'q50': 0.0672, 'q75': 0.084, 'q95': 0.1123}, 'IS_frac_pos': 0.995, 'VAL_frac_pos': 0.74, 'ALL_frac_pos': 1.0, 'IS_frac_ge_base': 0.02, 'VAL_frac_ge_base': 0.45, 'IS_frac_t_gt2': 0.215, 'IS_frac_gt_0p05': 0.785, 'VAL_frac_gt_0p05': 0.335, 'corr_IS_VAL': -0.07, 'mean_IS_n': 690.0, 'sensitivity_per_1sd': {'IS_avg': {'range_start': 0.0074, 'range_end': -0.0081, 'entry_end': -0.0008, 'exit_time': 0.0009, 'sl_k': -0.0107, 'min_w_atr': -0.0035}, 'VAL_avg': {'range_start': 0.0109, 'range_end': 0.0221, 'entry_end': -0.0105, 'exit_time': 0.0042, 'sl_k': 0.0077, 'min_w_atr': 0.015}}}
