primary {'n': 645, 'mean': np.float64(0.1038), 'sd': np.float64(1.437), 'trades_per_year': 64.5, 'hist_maxDD': 16.1, 'hist_roll60_min': -0.251, 'hist_roll100_min': -0.14, 'maxDD_quantiles': {'mu0.104_H65': {'q50': 8.8, 'q75': 11.3, 'q90': 14.4, 'q95': 16.6, 'q99': 20.7}, 'mu0.104_H130': {'q50': 11.5, 'q75': 15.0, 'q90': 19.2, 'q95': 21.5, 'q99': 27.3}, 'mu0.104_H200': {'q50': 13.6, 'q75': 17.6, 'q90': 22.1, 'q95': 25.1, 'q99': 32.0}, 'mu0.050_H65': {'q50': 10.1, 'q75': 13.0, 'q90': 16.6, 'q95': 18.9, 'q99': 23.2}, 'mu0.050_H130': {'q50': 13.7, 'q75': 18.4, 'q90': 23.1, 'q95': 26.0, 'q99': 33.0}, 'mu0.050_H200': {'q50': 16.7, 'q75': 22.1, 'q90': 27.8, 'q95': 31.6, 'q99': 39.9}, 'mu0.000_H65': {'q50': 11.4, 'q75': 15.0, 'q90': 18.9, 'q95': 21.4, 'q99': 25.9}, 'mu0.000_H130': {'q50': 16.4, 'q75': 22.0, 'q90': 27.5, 'q95': 30.7, 'q99': 37.8}, 'mu0.000_H200': {'q50': 20.7, 'q75': 27.4, 'q90': 34.5, 'q95': 39.0, 'q99': 48.5}}}
P(fire within 200 trades)
 mu                    0.104   0.100   0.050   0.020   0.000  -0.050  -0.100
rule                                                                       
roll60<-0.15          0.507   0.522   0.696   0.787   0.827   0.919   0.971
roll60<-0.2           0.325   0.337   0.522   0.632   0.696   0.827   0.919
roll60<-0.25          0.181   0.190   0.337   0.441   0.522   0.696   0.827
roll60<-0.3           0.078   0.086   0.190   0.273   0.337   0.522   0.696
roll100<-0.05         0.469   0.479   0.669   0.762   0.812   0.909   0.961
roll100<-0.1          0.294   0.305   0.479   0.592   0.669   0.812   0.909
roll100<-0.15         0.142   0.153   0.305   0.411   0.479   0.669   0.812
roll100<-0.2          0.054   0.056   0.153   0.241   0.305   0.479   0.669
DD>15                 0.391   0.406   0.605   0.722   0.788   0.895   0.959
DD>20                 0.157   0.168   0.334   0.451   0.531   0.723   0.860
DD>25                 0.051   0.054   0.159   0.254   0.333   0.531   0.728
DD>30                 0.018   0.021   0.069   0.129   0.183   0.366   0.568
CUSUM0.05>15          0.588   0.605   0.788   0.861   0.895   0.959   0.987
CUSUM0.05>20          0.317   0.334   0.531   0.648   0.723   0.860   0.943
CUSUM0.05>25          0.149   0.159   0.333   0.452   0.531   0.728   0.864
roll60<-0.25|DD>25    0.183   0.192   0.344   0.453   0.537   0.713   0.842
roll100<-0.10|DD>25   0.295   0.305   0.481   0.596   0.674   0.815   0.911
roll100<-0.15|DD>30   0.142   0.153   0.305   0.411   0.480   0.670   0.814
P(fire within 130 trades)
 mu                    0.104   0.100   0.050   0.020   0.000  -0.050  -0.100
rule                                                                       
roll60<-0.15          0.333   0.345   0.494   0.595   0.650   0.779   0.874
roll60<-0.2           0.205   0.214   0.345   0.432   0.494   0.650   0.779
roll60<-0.25          0.103   0.109   0.214   0.287   0.345   0.494   0.650
roll60<-0.3           0.043   0.047   0.109   0.170   0.214   0.345   0.494
roll100<-0.05         0.274   0.282   0.441   0.539   0.596   0.734   0.843
roll100<-0.1          0.147   0.155   0.282   0.376   0.441   0.596   0.734
roll100<-0.15         0.066   0.071   0.155   0.227   0.282   0.441   0.596
roll100<-0.2          0.023   0.024   0.071   0.119   0.155   0.282   0.441
DD>15                 0.251   0.264   0.414   0.518   0.586   0.744   0.860
DD>20                 0.080   0.085   0.192   0.267   0.324   0.494   0.659
DD>25                 0.021   0.022   0.065   0.114   0.162   0.291   0.464
DD>30                 0.005   0.006   0.019   0.036   0.059   0.150   0.283
CUSUM0.05>15          0.402   0.414   0.586   0.692   0.744   0.860   0.926
CUSUM0.05>20          0.180   0.192   0.324   0.423   0.494   0.659   0.800
CUSUM0.05>25          0.059   0.065   0.162   0.233   0.291   0.464   0.622
roll60<-0.25|DD>25    0.104   0.110   0.216   0.291   0.349   0.502   0.659
roll100<-0.10|DD>25   0.148   0.157   0.284   0.381   0.446   0.601   0.741
roll100<-0.15|DD>30   0.066   0.071   0.156   0.227   0.282   0.442   0.598
{'marginal_roll60_mu0.104': {'q1': -0.253, 'q5': -0.165, 'q10': -0.11, 'q50': 0.099}, 'marginal_roll100_mu0.104': {'q1': -0.179, 'q5': -0.106, 'q10': -0.066, 'q50': 0.101}, 'marginal_roll60_mu0.050': {'q1': -0.307, 'q5': -0.219, 'q10': -0.164, 'q50': 0.045}, 'marginal_roll100_mu0.050': {'q1': -0.233, 'q5': -0.16, 'q10': -0.12, 'q50': 0.047}}
fallback {'n': 785, 'mean': np.float64(0.1147), 'sd': np.float64(1.256), 'trades_per_year': 78.5, 'hist_maxDD': 18.2, 'hist_roll60_min': -0.207, 'hist_roll100_min': -0.149, 'maxDD_quantiles': {'mu0.115_H65': {'q50': 7.5, 'q75': 10.2, 'q90': 12.8, 'q95': 14.9, 'q99': 18.9}, 'mu0.115_H130': {'q50': 10.2, 'q75': 13.1, 'q90': 17.1, 'q95': 19.8, 'q99': 26.2}, 'mu0.115_H200': {'q50': 12.0, 'q75': 15.5, 'q90': 19.5, 'q95': 22.6, 'q99': 29.3}, 'mu0.050_H65': {'q50': 9.1, 'q75': 12.0, 'q90': 15.4, 'q95': 17.9, 'q99': 22.1}, 'mu0.050_H130': {'q50': 12.6, 'q75': 16.9, 'q90': 21.7, 'q95': 24.8, 'q99': 32.4}, 'mu0.050_H200': {'q50': 15.5, 'q75': 20.3, 'q90': 26.0, 'q95': 29.8, 'q99': 37.7}, 'mu0.000_H65': {'q50': 10.5, 'q75': 13.8, 'q90': 17.7, 'q95': 20.3, 'q99': 24.5}, 'mu0.000_H130': {'q50': 15.2, 'q75': 20.6, 'q90': 25.9, 'q95': 29.5, 'q99': 37.7}, 'mu0.000_H200': {'q50': 19.3, 'q75': 25.7, 'q90': 32.5, 'q95': 37.0, 'q99': 45.3}}}
P(fire within 200 trades)
 mu                    0.115   0.100   0.050   0.020   0.000  -0.050  -0.100
rule                                                                       
roll60<-0.15          0.408   0.468   0.657   0.745   0.802   0.906   0.962
roll60<-0.2           0.246   0.291   0.468   0.586   0.657   0.802   0.906
roll60<-0.25          0.123   0.156   0.291   0.391   0.468   0.657   0.802
roll60<-0.3           0.046   0.065   0.156   0.231   0.291   0.468   0.657
roll100<-0.05         0.385   0.435   0.638   0.738   0.798   0.903   0.969
roll100<-0.1          0.218   0.263   0.435   0.562   0.638   0.798   0.903
roll100<-0.15         0.093   0.123   0.263   0.367   0.435   0.638   0.798
roll100<-0.2          0.032   0.043   0.123   0.201   0.263   0.435   0.638
DD>15                 0.278   0.328   0.531   0.652   0.723   0.861   0.945
DD>20                 0.089   0.116   0.264   0.385   0.468   0.675   0.828
DD>25                 0.027   0.039   0.118   0.200   0.275   0.489   0.692
DD>30                 0.008   0.013   0.048   0.095   0.140   0.314   0.534
CUSUM0.05>15          0.465   0.531   0.723   0.813   0.861   0.945   0.984
CUSUM0.05>20          0.215   0.264   0.468   0.598   0.675   0.828   0.927
CUSUM0.05>25          0.087   0.118   0.275   0.398   0.489   0.692   0.845
roll60<-0.25|DD>25    0.125   0.159   0.297   0.400   0.482   0.676   0.820
roll100<-0.10|DD>25   0.218   0.263   0.436   0.564   0.639   0.800   0.903
roll100<-0.15|DD>30   0.093   0.123   0.263   0.368   0.436   0.638   0.799
P(fire within 130 trades)
 mu                    0.115   0.100   0.050   0.020   0.000  -0.050  -0.100
rule                                                                       
roll60<-0.15          0.247   0.294   0.454   0.546   0.610   0.755   0.860
roll60<-0.2           0.141   0.169   0.294   0.392   0.454   0.610   0.755
roll60<-0.25          0.069   0.088   0.169   0.235   0.294   0.454   0.610
roll60<-0.3           0.027   0.038   0.088   0.133   0.169   0.294   0.454
roll100<-0.05         0.214   0.247   0.410   0.512   0.577   0.732   0.853
roll100<-0.1          0.106   0.136   0.247   0.345   0.410   0.577   0.732
roll100<-0.15         0.043   0.056   0.136   0.200   0.247   0.410   0.577
roll100<-0.2          0.015   0.021   0.056   0.097   0.136   0.247   0.410
DD>15                 0.166   0.201   0.339   0.442   0.515   0.685   0.816
DD>20                 0.048   0.061   0.140   0.215   0.270   0.431   0.610
DD>25                 0.013   0.018   0.049   0.084   0.120   0.246   0.407
DD>30                 0.004   0.006   0.017   0.032   0.046   0.118   0.240
CUSUM0.05>15          0.292   0.339   0.515   0.621   0.685   0.816   0.903
CUSUM0.05>20          0.111   0.140   0.270   0.365   0.431   0.610   0.764
CUSUM0.05>25          0.038   0.049   0.120   0.190   0.246   0.407   0.582
roll60<-0.25|DD>25    0.069   0.088   0.170   0.237   0.297   0.459   0.618
roll100<-0.10|DD>25   0.106   0.137   0.248   0.347   0.411   0.581   0.733
roll100<-0.15|DD>30   0.043   0.056   0.136   0.200   0.247   0.410   0.577
{'marginal_roll60_mu0.115': {'q1': -0.229, 'q5': -0.14, 'q10': -0.09, 'q50': 0.109}, 'marginal_roll100_mu0.115': {'q1': -0.162, 'q5': -0.087, 'q10': -0.046, 'q50': 0.108}, 'marginal_roll60_mu0.050': {'q1': -0.294, 'q5': -0.205, 'q10': -0.154, 'q50': 0.044}, 'marginal_roll100_mu0.050': {'q1': -0.227, 'q5': -0.152, 'q10': -0.11, 'q50': 0.043}}
