== primary: {'range_start': 0.0, 'range_end': 5.0, 'entry_end': 12.0, 'exit_time': 20.0, 'entry_mode': 0, 'confirm_tf': 15, 'buf_k': 0.0, 'buf_atr': 0.0, 'sl_ref': 0, 'sl_k': 1.0, 'tp_r': 0.0, 'be_r': 0.0, 'trail_r': 0.0, 'max_trades': 1, 'min_w_atr': 0.3, 'max_w_atr': 99.0, 'comp_n': 0, 'comp_max': 99.0, 'comp_min': 0.0, 'trend': 0, 'trend_mode': 0, 'atr_regime_n': 20, 'atr_regime_max': 1.0, 'dow_mask': (1, 1, 1, 1, 1), 'skip_nfp': False, 'commission': 0.07, 'slip': 0.05, 'max_spread': 1.0, 'limit_pen': 0.0}
               n  trades_per_year  win_rate   avg_R  t_stat     PF  sharpe_ann  maxDD_R  usd_per_oz
IS         532.0             67.8     0.445  0.1216    1.94  1.253        0.69     16.1       479.5
VAL        113.0             57.0     0.372  0.0202    0.16  1.038        0.11     13.4        -7.3
IS_long    282.0             36.0     0.465  0.1759    1.97  1.387        0.70     12.1       290.4
IS_short   250.0             31.9     0.424  0.0602    0.68  1.118        0.24     13.7       189.1
VAL_long    63.0             32.2     0.333 -0.1204   -0.76  0.784       -0.54     10.1       -79.3
VAL_short   50.0             25.2     0.420  0.1974    0.92  1.393        0.65      7.3        72.1
       n    win  avg_R  sum_R  L_avg_R  S_avg_R
date                                           
2014  42  0.524  0.653   27.4    0.548    0.825
2015  56  0.357 -0.000   -0.0   -0.044    0.058
2016  81  0.432 -0.016   -1.3   -0.041    0.007
2017  73  0.521  0.128    9.3    0.452   -0.206
2018  64  0.359  0.014    0.9   -0.052    0.075
2019  66  0.424  0.017    1.1    0.133   -0.115
2020  74  0.473  0.191   14.2    0.226    0.151
2021  76  0.474  0.172   13.1    0.227    0.103
2022  57  0.421  0.082    4.7   -0.194    0.330
2023  56  0.321 -0.043   -2.4   -0.066   -0.002
                              n   avg_R     t
default|IS                532.0  0.1216  1.94
default|VAL               113.0  0.0202  0.16
slip0.10|IS               532.0  0.1084  1.73
slip0.10|VAL              113.0  0.0114  0.09
spread+0.10|IS            540.0  0.0982  1.58
spread+0.10|VAL           113.0 -0.0153 -0.12
slip0.10+spread+0.10|IS   540.0  0.0852  1.37
slip0.10+spread+0.10|VAL  113.0 -0.0242 -0.19
gross(no costs)|IS        523.0  0.2334  3.65
gross(no costs)|VAL       110.0  0.0333  0.25
top-k removed: {'IS_top5_removed': {'avg_R': np.float64(0.0493), 't': np.float64(0.92), 'n': 527}, 'IS_top10_removed': {'avg_R': np.float64(0.0086), 't': np.float64(0.17), 'n': 522}, 'VAL_top5_removed': {'avg_R': np.float64(-0.1526), 't': np.float64(-1.4), 'n': 108}, 'VAL_top10_removed': {'avg_R': np.float64(-0.2923), 't': np.float64(-3.09), 'n': 103}}
 config period   n  nL  nS  actual  always_long  always_short  coin_mean  coin_sd  coin_q95  p_coin  shuf_mean  shuf_q95  p_shuffle  L_minus_opp  S_minus_opp
primary     IS 532 282 250  0.1216       0.0061        -0.081    -0.0367   0.0487     0.044  0.0006    -0.0349    0.0452     0.0007       0.3821       0.2457
primary    VAL 113  63  50  0.0202      -0.1069         0.071    -0.0187   0.1042     0.151  0.3559    -0.0293    0.1408     0.3234      -0.0910       0.2873
== fallback: {'range_start': 0.0, 'range_end': 5.0, 'entry_end': 12.0, 'exit_time': 20.0, 'entry_mode': 0, 'confirm_tf': 15, 'buf_k': 0.0, 'buf_atr': 0.0, 'sl_ref': 0, 'sl_k': 1.0, 'tp_r': 0.0, 'be_r': 0.0, 'trail_r': 0.0, 'max_trades': 1, 'min_w_atr': 0.35, 'max_w_atr': 99.0, 'comp_n': 0, 'comp_max': 99.0, 'comp_min': 0.0, 'trend': 0, 'trend_mode': 0, 'atr_regime_n': 0, 'atr_regime_max': 1.0, 'dow_mask': (1, 1, 1, 1, 1), 'skip_nfp': False, 'commission': 0.07, 'slip': 0.05, 'max_spread': 1.0, 'limit_pen': 0.0}
               n  trades_per_year  win_rate   avg_R  t_stat     PF  sharpe_ann  maxDD_R  usd_per_oz
IS         638.0             80.8     0.462  0.1320    2.63  1.308        0.94     18.2       469.8
VAL        147.0             74.2     0.408  0.0401    0.40  1.086        0.28     10.3        47.5
IS_long    350.0             44.3     0.457  0.1056    1.66  1.251        0.59     16.7       106.7
IS_short   288.0             36.9     0.469  0.1640    2.05  1.374        0.73     11.9       363.1
VAL_long    79.0             40.4     0.380  0.0227    0.16  1.047        0.11     10.1       -35.0
VAL_short   68.0             34.3     0.441  0.0603    0.44  1.135        0.31     11.4        82.5
        n    win  avg_R  sum_R  L_avg_R  S_avg_R
date                                            
2014   74  0.514  0.503   37.3    0.402    0.630
2015   55  0.436  0.103    5.7    0.113    0.094
2016  101  0.465  0.028    2.8   -0.062    0.127
2017   77  0.506  0.104    8.0    0.104    0.103
2018   81  0.407 -0.012   -1.0    0.133   -0.154
2019   79  0.430 -0.027   -2.1   -0.028   -0.026
2020   90  0.478  0.152   13.6    0.075    0.239
2021   81  0.457  0.247   20.0    0.152    0.447
2022   78  0.410  0.058    4.5   -0.067    0.190
2023   69  0.406  0.019    1.3    0.115   -0.105
                              n   avg_R     t
default|IS                638.0  0.1320  2.63
default|VAL               147.0  0.0401  0.40
slip0.10|IS               638.0  0.1197  2.39
slip0.10|VAL              147.0  0.0322  0.32
spread+0.10|IS            645.0  0.1093  2.20
spread+0.10|VAL           147.0  0.0027  0.03
slip0.10+spread+0.10|IS   645.0  0.0981  1.98
slip0.10+spread+0.10|VAL  147.0 -0.0051 -0.05
gross(no costs)|IS        631.0  0.2033  4.02
gross(no costs)|VAL       143.0  0.0820  0.82
top-k removed: {'IS_top5_removed': {'avg_R': np.float64(0.0839), 't': np.float64(1.84), 'n': 633}, 'IS_top10_removed': {'avg_R': np.float64(0.054), 't': np.float64(1.23), 'n': 628}, 'VAL_top5_removed': {'avg_R': np.float64(-0.0732), 't': np.float64(-0.82), 'n': 142}, 'VAL_top10_removed': {'avg_R': np.float64(-0.1702), 't': np.float64(-2.1), 'n': 137}}
  config period   n  nL  nS  actual  always_long  always_short  coin_mean  coin_sd  coin_q95  p_coin  shuf_mean  shuf_q95  p_shuffle  L_minus_opp  S_minus_opp
fallback     IS 638 350 288  0.1320      -0.0175       -0.0322    -0.0246   0.0410    0.0429  0.0002    -0.0230    0.0455     0.0004       0.2992       0.3311
fallback    VAL 147  79  68  0.0401      -0.0592        0.0217    -0.0191   0.0843    0.1195  0.2439    -0.0223    0.1165     0.2346       0.0342       0.2146
== baseline: {'range_start': 0.0, 'range_end': 7.0, 'entry_end': 12.0, 'exit_time': 20.0, 'entry_mode': 0, 'confirm_tf': 15, 'buf_k': 0.0, 'buf_atr': 0.0, 'sl_ref': 0, 'sl_k': 1.0, 'tp_r': 0.0, 'be_r': 0.0, 'trail_r': 0.0, 'max_trades': 1, 'min_w_atr': 0.0, 'max_w_atr': 99.0, 'comp_n': 0, 'comp_max': 99.0, 'comp_min': 0.0, 'trend': 0, 'trend_mode': 0, 'atr_regime_n': 0, 'atr_regime_max': 1.0, 'dow_mask': (1, 1, 1, 1, 1), 'skip_nfp': False, 'commission': 0.07, 'slip': 0.05, 'max_spread': 1.0, 'limit_pen': 0.0}
                n  trades_per_year  win_rate   avg_R  t_stat     PF  sharpe_ann  maxDD_R  usd_per_oz
IS         1828.0            230.2     0.391  0.0078    0.23  1.015        0.08     43.5       119.2
VAL         478.0            240.8     0.366 -0.0105   -0.16  0.981       -0.11     37.1        -0.0
IS_long     976.0            123.0     0.383 -0.0082   -0.18  0.985       -0.06     42.4      -203.6
IS_short    852.0            107.3     0.399  0.0261    0.53  1.048        0.19     44.6       322.8
VAL_long    256.0            129.1     0.340 -0.0927   -1.09  0.841       -0.77     35.9      -200.8
VAL_short   222.0            112.0     0.396  0.0844    0.81  1.159        0.58     22.1       200.8
        n    win  avg_R  sum_R  L_avg_R  S_avg_R
date                                            
2014  222  0.396  0.031    6.9   -0.025    0.113
2015  230  0.413  0.167   38.4    0.093    0.242
2016  213  0.394 -0.023   -4.9   -0.061    0.018
2017  227  0.410 -0.003   -0.7    0.048   -0.058
2018  237  0.397  0.014    3.4    0.084   -0.047
2019  230  0.348 -0.147  -33.9   -0.112   -0.191
2020  231  0.429  0.100   23.2    0.188   -0.012
2021  238  0.340 -0.076  -18.2   -0.256    0.152
2022  242  0.405  0.017    4.1   -0.063    0.104
2023  236  0.326 -0.038   -9.1   -0.121    0.063
                               n   avg_R     t
default|IS                1828.0  0.0078  0.23
default|VAL                478.0 -0.0105 -0.16
slip0.10|IS               1828.0 -0.0109 -0.33
slip0.10|VAL               478.0 -0.0203 -0.31
spread+0.10|IS            1842.0 -0.0145 -0.44
spread+0.10|VAL            482.0 -0.0473 -0.76
slip0.10+spread+0.10|IS   1842.0 -0.0321 -0.98
slip0.10+spread+0.10|VAL   482.0 -0.0696 -1.12
gross(no costs)|IS        1787.0  0.0988  2.88
gross(no costs)|VAL        470.0  0.0581  0.84
top-k removed: {'IS_top5_removed': {'avg_R': np.float64(-0.0159), 't': np.float64(-0.5), 'n': 1823}, 'IS_top10_removed': {'avg_R': np.float64(-0.0339), 't': np.float64(-1.11), 'n': 1818}, 'VAL_top5_removed': {'avg_R': np.float64(-0.083), 't': np.float64(-1.43), 'n': 473}, 'VAL_top10_removed': {'avg_R': np.float64(-0.1272), 't': np.float64(-2.31), 'n': 468}}
  config period    n  nL  nS  actual  always_long  always_short  coin_mean  coin_sd  coin_q95  p_coin  shuf_mean  shuf_q95  p_shuffle  L_minus_opp  S_minus_opp
baseline     IS 1828 976 852  0.0078      -0.0857       -0.0263    -0.0562   0.0271   -0.0115  0.0098    -0.0579   -0.0150     0.0065       0.0639       0.2006
baseline    VAL  478 256 222 -0.0105      -0.1108        0.0250    -0.0425   0.0551    0.0489  0.2795    -0.0472    0.0446     0.2476      -0.0662       0.2161
family_bootstrap_IS {'max_t_q95': 2.6151155282475123, 'n_configs': 24}
            config    n  avg_R  t_boot  p_raw  p_family
re5_w035_a20_A0.75  355 0.1282  2.9182 0.0038    0.0254
re7_w035_a20_W1.00  491 0.1386  2.8080 0.0030    0.0328
re5_w030_a20_A0.75  532 0.0947  2.7043 0.0064    0.0414
re5_w035_a20_W1.00  355 0.1894  2.6187 0.0070    0.0496
re5_w040_a20_A0.75  236 0.1513  2.6054 0.0076    0.0512
re5_w035_nor_W1.00  638 0.1320  2.5734 0.0074    0.0550
re5_w035_nor_A0.75  638 0.0861  2.5448 0.0078    0.0592
re5_w030_nor_A0.75  945 0.0646  2.4187 0.0104    0.0772
re5_w040_a20_W1.00  236 0.2088  2.3511 0.0172    0.0882
re7_w035_a20_A0.75  491 0.0773  2.3243 0.0114    0.0914
re7_w030_a20_A0.75  655 0.0693  2.3040 0.0132    0.0938
re7_w030_a20_W1.00  655 0.1128  2.3026 0.0154    0.0940
re7_w035_nor_W1.00  860 0.0752  2.0975 0.0228    0.1346
re5_w030_a20_W1.00  532 0.1216  1.9977 0.0264    0.1608
re7_w035_nor_A0.75  860 0.0488  1.9239 0.0336    0.1808
re7_w040_a20_W1.00  343 0.1158  1.9042 0.0346    0.1882
re5_w030_nor_W1.00  945 0.0826  1.8995 0.0300    0.1886
re7_w030_nor_A0.75 1154 0.0428  1.8642 0.0332    0.1982
re7_w040_nor_A0.75  617 0.0607  1.8537 0.0336    0.2006
re7_w040_a20_A0.75  343 0.0806  1.7975 0.0396    0.2210
re5_w040_nor_A0.75  436 0.0705  1.6548 0.0524    0.2701
re7_w040_nor_W1.00  617 0.0716  1.6305 0.0526    0.2799
re7_w030_nor_W1.00 1154 0.0556  1.5605 0.0608    0.3085
re5_w040_nor_W1.00  436 0.0764  1.2949 0.1046    0.4209
family_bootstrap_VAL {'max_t_q95': 2.4913559975826334, 'n_configs': 24}
            config   n   avg_R  t_boot  p_raw  p_family
re7_w035_a20_A0.75 102  0.1235  1.6097 0.0490    0.2679
re7_w040_a20_A0.75  74  0.1465  1.4844 0.0606    0.3181
re5_w035_a20_A0.75  81  0.1274  1.3773 0.0768    0.3629
re7_w040_nor_A0.75 145  0.0924  1.2470 0.0996    0.4255
re7_w040_nor_W1.00 145  0.1229  1.2448 0.1012    0.4265
re7_w040_a20_W1.00  74  0.1557  1.1140 0.1302    0.4857
re5_w040_a20_A0.75  53  0.1275  1.0766 0.1348    0.5037
re7_w035_a20_W1.00 102  0.1139  1.0530 0.1466    0.5159
re7_w035_nor_A0.75 197  0.0574  0.9704 0.1600    0.5529
re5_w035_nor_A0.75 147  0.0639  0.9161 0.1676    0.5757
re7_w035_nor_W1.00 197  0.0685  0.9098 0.1748    0.5793
re5_w030_nor_A0.75 209  0.0478  0.8733 0.1874    0.5931
re5_w040_nor_A0.75 102  0.0783  0.8575 0.1960    0.6005
re7_w030_a20_A0.75 142  0.0550  0.8415 0.2044    0.6077
re5_w035_a20_W1.00  81  0.0993  0.7492 0.2222    0.6429
re5_w040_a20_W1.00  53  0.1307  0.7100 0.2310    0.6613
re5_w030_a20_A0.75 113  0.0551  0.7009 0.2424    0.6667
re5_w040_nor_W1.00 102  0.0717  0.5510 0.2827    0.7249
re5_w035_nor_W1.00 147  0.0401  0.4393 0.3195    0.7674
re7_w030_a20_W1.00 142  0.0389  0.3737 0.3683    0.7866
re5_w030_nor_W1.00 209  0.0248  0.3060 0.3679    0.8068
re7_w030_nor_A0.75 275  0.0086  0.1740 0.4235    0.8430
re5_w030_a20_W1.00 113  0.0202  0.1581 0.4275    0.8484
re7_w030_nor_W1.00 275 -0.0063 -0.0880 0.5369    0.9072
family_null_IS {'max_null_q95': 2.524781564797027, 'n_configs': 24}
            config    n  avg_R  dir_info_R      z  p_raw  p_family
re5_w035_a20_A0.75  355 0.1282      0.1641 4.0936 0.0002    0.0004
re5_w030_a20_A0.75  532 0.0947      0.1226 3.8400 0.0002    0.0008
re5_w030_nor_A0.75  945 0.0646      0.0905 3.8203 0.0002    0.0008
re5_w035_nor_W1.00  638 0.1320      0.1568 3.7927 0.0002    0.0008
re5_w035_a20_W1.00  355 0.1894      0.2080 3.7184 0.0002    0.0008
re5_w035_nor_A0.75  638 0.0861      0.1112 3.7112 0.0002    0.0008
re7_w030_nor_A0.75 1154 0.0428      0.0758 3.6878 0.0002    0.0012
re5_w030_nor_W1.00  945 0.0826      0.1297 3.6460 0.0004    0.0016
re7_w030_a20_A0.75  655 0.0693      0.1032 3.6338 0.0002    0.0016
re7_w035_a20_W1.00  491 0.1386      0.1639 3.5996 0.0002    0.0018
re7_w030_a20_W1.00  655 0.1128      0.1475 3.5066 0.0002    0.0024
re5_w040_a20_A0.75  236 0.1513      0.1795 3.5031 0.0004    0.0026
re7_w035_a20_A0.75  491 0.0773      0.1150 3.4865 0.0004    0.0028
re7_w030_nor_W1.00 1154 0.0556      0.1061 3.4810 0.0002    0.0028
re7_w035_nor_A0.75  860 0.0488      0.0832 3.4593 0.0002    0.0034
re7_w035_nor_W1.00  860 0.0752      0.1133 3.3864 0.0002    0.0044
re7_w040_nor_A0.75  617 0.0607      0.0955 3.3303 0.0006    0.0050
re5_w030_a20_W1.00  532 0.1216      0.1590 3.2446 0.0010    0.0076
re7_w040_nor_W1.00  617 0.0716      0.1174 3.1312 0.0012    0.0102
re5_w040_a20_W1.00  236 0.2088      0.2126 3.1304 0.0020    0.0102
re7_w040_a20_A0.75  343 0.0806      0.1197 2.9901 0.0014    0.0142
re7_w040_a20_W1.00  343 0.1158      0.1455 2.8084 0.0028    0.0258
re5_w040_nor_A0.75  436 0.0705      0.0880 2.3669 0.0100    0.0706
re5_w040_nor_W1.00  436 0.0764      0.1003 2.0840 0.0202    0.1214
primary DSR (V=1/T): [(1, np.float64(0.0839), 0.0, 0.983), (24, np.float64(0.0839), np.float64(0.0858), 0.4805), (50, np.float64(0.0839), np.float64(0.0987), 0.3544), (100, np.float64(0.0839), np.float64(0.1097), 0.2572), (200, np.float64(0.0839), np.float64(0.1199), 0.1816), (20000, np.float64(0.0839), np.float64(0.1746), 0.011)]
primary DSR (V emp): [(50, np.float64(0.2427), 0.0), (100, np.float64(0.2698), 0.0), (200, np.float64(0.2949), 0.0), (20000, np.float64(0.4294), 0.0)]
fallback DSR (V=1/T): [(1, np.float64(0.1042), 0.0, 0.9977), (24, np.float64(0.1042), np.float64(0.0784), 0.7588), (50, np.float64(0.1042), np.float64(0.0901), 0.6491), (100, np.float64(0.1042), np.float64(0.1002), 0.5434), (200, np.float64(0.1042), np.float64(0.1095), 0.4428), (20000, np.float64(0.1042), np.float64(0.1594), 0.0665)]
fallback DSR (V emp): [(50, np.float64(0.2427), 0.0001), (100, np.float64(0.2698), 0.0), (200, np.float64(0.2949), 0.0), (20000, np.float64(0.4294), 0.0)]
baseline DSR (V=1/T): [(1, np.float64(0.0055), 0.0, 0.5929), (24, np.float64(0.0055), np.float64(0.0463), 0.0396), (50, np.float64(0.0055), np.float64(0.0532), 0.02), (100, np.float64(0.0055), np.float64(0.0592), 0.0105), (200, np.float64(0.0055), np.float64(0.0647), 0.0055), (20000, np.float64(0.0055), np.float64(0.0942), 0.0001)]
baseline DSR (V emp): [(50, np.float64(0.2427), 0.0), (100, np.float64(0.2698), 0.0), (200, np.float64(0.2949), 0.0), (20000, np.float64(0.4294), 0.0)]
V_emp 0.011368099286704866 18276
