              name  range_end  min_w_atr  regime  sl_ref  sl_k    n  trades_per_year  avg_R  t_stat    PF  win_rate  maxDD_R  sharpe_ann  yrs_pos  L_n  L_avg_R  S_n  S_avg_R  usd_per_trade
re5_w030_nor_W1.00        5.0       0.30       0       0  1.00  945            119.2 0.0826    1.86 1.173     0.437     21.0        0.66        5  508   0.0846  437   0.0802         0.4825
re5_w030_nor_A0.75        5.0       0.30       0       1  0.75  945            119.2 0.0646    2.51 1.242     0.503     10.4        0.89        6  508   0.0576  437   0.0728         0.7778
re5_w030_a20_W1.00        5.0       0.30      20       0  1.00  532             67.8 0.1216    1.94 1.253     0.445     16.1        0.69        6  282   0.1759  250   0.0602         0.9013
re5_w030_a20_A0.75        5.0       0.30      20       1  0.75  532             67.8 0.0947    2.67 1.361     0.511      6.9        0.95        6  282   0.1079  250   0.0799         1.1560
re5_w035_nor_W1.00        5.0       0.35       0       0  1.00  638             80.8 0.1320    2.63 1.308     0.462     18.2        0.94        6  350   0.1056  288   0.1640         0.7364
re5_w035_nor_A0.75        5.0       0.35       0       1  0.75  638             80.8 0.0861    2.67 1.315     0.502     11.2        0.95        7  350   0.0701  288   0.1055         0.9691
re5_w035_a20_W1.00        5.0       0.35      20       0  1.00  355             45.4 0.1894    2.77 1.456     0.487     13.2        0.99        7  190   0.2411  165   0.1298         1.3439
re5_w035_a20_A0.75        5.0       0.35      20       1  0.75  355             45.4 0.1282    2.92 1.490     0.524      6.3        1.05        7  190   0.1532  165   0.0994         1.4788
re5_w040_nor_W1.00        5.0       0.40       0       0  1.00  436             55.2 0.0764    1.34 1.183     0.450     17.8        0.48        5  237   0.0621  199   0.0935         0.1615
re5_w040_nor_A0.75        5.0       0.40       0       1  0.75  436             55.2 0.0705    1.77 1.249     0.486      9.7        0.63        6  237   0.0562  199   0.0875         0.5625
re5_w040_a20_W1.00        5.0       0.40      20       0  1.00  236             30.2 0.2088    2.49 1.536     0.500     11.0        0.89        7  122   0.2468  114   0.1681         1.5044
re5_w040_a20_A0.75        5.0       0.40      20       1  0.75  236             30.2 0.1513    2.67 1.569     0.530      6.9        0.95        7  122   0.1656  114   0.1361         1.6407
re7_w030_nor_W1.00        7.0       0.30       0       0  1.00 1154            145.4 0.0556    1.46 1.120     0.433     24.8        0.52        5  615   0.0301  539   0.0847         0.3896
re7_w030_nor_A0.75        7.0       0.30       0       1  0.75 1154            145.4 0.0428    1.88 1.158     0.482     15.7        0.67        6  615   0.0255  539   0.0626         0.4640
re7_w030_a20_W1.00        7.0       0.30      20       0  1.00  655             83.4 0.1128    2.12 1.249     0.450     12.1        0.76        8  339   0.1235  316   0.1013         0.7641
re7_w030_a20_A0.75        7.0       0.30      20       1  0.75  655             83.4 0.0693    2.20 1.253     0.496     11.1        0.79        6  339   0.0714  316   0.0671         0.7898
re7_w035_nor_W1.00        7.0       0.35       0       0  1.00  860            108.4 0.0752    1.86 1.179     0.456     12.1        0.66        6  463   0.0337  397   0.1237         0.5469
re7_w035_nor_A0.75        7.0       0.35       0       1  0.75  860            108.4 0.0488    1.84 1.179     0.488      9.7        0.65        6  463   0.0366  397   0.0632         0.5313
re7_w035_a20_W1.00        7.0       0.35      20       0  1.00  491             62.5 0.1386    2.55 1.345     0.483      8.5        0.91        7  254   0.1535  237   0.1226         0.9097
re7_w035_a20_A0.75        7.0       0.35      20       1  0.75  491             62.5 0.0773    2.14 1.281     0.511      7.4        0.76        7  254   0.0927  237   0.0608         0.7709
re7_w040_nor_W1.00        7.0       0.40       0       0  1.00  617             77.8 0.0716    1.59 1.181     0.460     14.7        0.56        5  342   0.0409  275   0.1098         0.5336
re7_w040_nor_A0.75        7.0       0.40       0       1  0.75  617             77.8 0.0607    1.90 1.224     0.483      8.8        0.68        5  342   0.0425  275   0.0834         0.6155
re7_w040_a20_W1.00        7.0       0.40      20       0  1.00  343             43.7 0.1158    1.88 1.300     0.481     11.4        0.67        6  182   0.1415  161   0.0867         0.8209
re7_w040_a20_A0.75        7.0       0.40      20       1  0.75  343             43.7 0.0806    1.82 1.288     0.499      9.1        0.65        6  182   0.0913  161   0.0685         0.7804
