              name    n  trades_per_year  yrs_pos  L_avg_R  S_avg_R  avg_R  t_stat  eligible  score  VAL_avg_R(veto check)
re5_w040_a20_W1.00  236             30.2        7   0.2468   0.1681 0.2088    2.49     False 0.1991                    NaN
re5_w035_a20_W1.00  355             45.4        7   0.2411   0.1298 0.1894    2.77     False 0.1732                    NaN
re5_w030_a20_W1.00  532             67.8        6   0.1759   0.0602 0.1216    1.94      True 0.1555                 0.0202
re5_w040_a20_A0.75  236             30.2        7   0.1656   0.1361 0.1513    2.67     False 0.1398                    NaN
re7_w040_a20_W1.00  343             43.7        6   0.1415   0.0867 0.1158    1.88     False 0.1272                    NaN
re7_w030_a20_W1.00  655             83.4        8   0.1235   0.1013 0.1128    2.12      True 0.1257                    NaN
re5_w035_a20_A0.75  355             45.4        7   0.1532   0.0994 0.1282    2.92     False 0.1248                    NaN
re7_w035_a20_W1.00  491             62.5        7   0.1535   0.1226 0.1386    2.55      True 0.1224                    NaN
re5_w030_a20_A0.75  532             67.8        6   0.1079   0.0799 0.0947    2.67      True 0.1115                    NaN
re5_w030_nor_W1.00  945            119.2        5   0.0846   0.0802 0.0826    1.86     False 0.1073                    NaN
re5_w040_nor_W1.00  436             55.2        5   0.0621   0.0935 0.0764    1.34     False 0.1042                    NaN
re5_w035_nor_W1.00  638             80.8        6   0.1056   0.1640 0.1320    2.63      True 0.0970                 0.0401
re7_w040_a20_A0.75  343             43.7        6   0.0913   0.0685 0.0806    1.82     False 0.0790                    NaN
re5_w040_nor_A0.75  436             55.2        6   0.0562   0.0875 0.0705    1.77      True 0.0783                    NaN
re7_w035_a20_A0.75  491             62.5        7   0.0927   0.0608 0.0773    2.14      True 0.0757                    NaN
re5_w030_nor_A0.75  945            119.2        6   0.0576   0.0728 0.0646    2.51      True 0.0753                    NaN
re5_w035_nor_A0.75  638             80.8        7   0.0701   0.1055 0.0861    2.67      True 0.0737                    NaN
re7_w040_nor_W1.00  617             77.8        5   0.0409   0.1098 0.0716    1.59     False 0.0734                    NaN
re7_w030_a20_A0.75  655             83.4        6   0.0714   0.0671 0.0693    2.20      True 0.0733                    NaN
re7_w035_nor_W1.00  860            108.4        6   0.0337   0.1237 0.0752    1.86      True 0.0675                    NaN
re7_w030_nor_W1.00 1154            145.4        5   0.0301   0.0847 0.0556    1.46     False 0.0654                    NaN
re7_w040_nor_A0.75  617             77.8        5   0.0425   0.0834 0.0607    1.90     False 0.0548                    NaN
re7_w035_nor_A0.75  860            108.4        6   0.0366   0.0632 0.0488    1.84      True 0.0508                    NaN
re7_w030_nor_A0.75 1154            145.4        6   0.0255   0.0626 0.0428    1.88      True 0.0458                    NaN
PRIMARY: re5_w030_a20_W1.00 (score 0.1555, IS avg_R 0.1216) VAL avg_R 0.0202 >= 0 -> accepted
FALLBACK: re5_w035_nor_W1.00 (score 0.0970, IS avg_R 0.1320) VAL avg_R 0.0401 >= 0 -> accepted
