measured fills: {'entry': 297, 'sl': 146, 'time': 71}  trade-hours available: 1473

entry: n=297
        slip_0  slip_100  slip_250  slip_500  slip_1000  slip_2000  engine_slip  spread_trig  model_spread
count  297.000   297.000   297.000   297.000    297.000    297.000      297.000      297.000       297.000
mean     0.063     0.071     0.089     0.099      0.099      0.106        0.050        0.342         0.318
std      0.118     0.131     0.221     0.254      0.277      0.285        0.003        0.211         0.051
min      0.000    -0.270    -0.257    -0.257     -0.370     -0.387        0.050        0.098         0.223
50%      0.023     0.034     0.038     0.035      0.037      0.031        0.050        0.303         0.320
75%      0.059     0.080     0.083     0.099      0.117      0.131        0.050        0.370         0.367
90%      0.164     0.211     0.281     0.300      0.291      0.324        0.050        0.453         0.384
95%      0.252     0.353     0.434     0.535      0.495      0.691        0.050        0.492         0.398
max      0.929     0.910     2.767     2.842      3.292      2.742        0.103        2.662         0.409
              slip_0  slip_100  slip_250  slip_500  slip_1000  slip_2000  engine_slip  spread_trig  model_spread
lo                                                                                                              
07-09 London   0.067     0.084     0.118     0.137      0.142      0.153         0.05        0.358         0.319
other          0.061     0.064     0.073     0.078      0.075      0.080         0.05        0.333         0.317
  mean excess slip vs engine (L=0, 250, 500 ms), in USD and in R:
   L=   0ms  USD +0.0130 (se 0.0068)  R +0.0020
   L= 250ms  USD +0.0392 (se 0.0128)  R +0.0052
   L= 500ms  USD +0.0492 (se 0.0147)  R +0.0064
   L=1000ms  USD +0.0493 (se 0.0161)  R +0.0063
  trigger minute differs from engine (|early_min|>1): 0.051

sl: n=146
        slip_0  slip_100  slip_250  slip_500  slip_1000  slip_2000  engine_slip  spread_trig  model_spread
count  146.000   146.000   146.000   146.000    146.000    146.000       146.00      146.000       146.000
mean     0.247     0.240     0.257     0.283      0.291      0.280         0.05        0.360         0.302
std      0.628     0.571     0.584     0.662      0.726      0.728         0.00        0.409         0.046
min     -0.000    -0.330    -0.330    -0.130     -0.200     -1.160         0.05        0.001         0.223
50%      0.041     0.059     0.070     0.078      0.092      0.096         0.05        0.303         0.296
75%      0.125     0.211     0.211     0.268      0.288      0.256         0.05        0.364         0.352
90%      0.692     0.625     0.923     0.799      0.675      0.750         0.05        0.494         0.363
95%      1.214     1.228     1.338     1.485      1.449      1.455         0.05        0.627         0.368
max      4.517     3.970     4.590     5.370      5.691      5.851         0.05        4.876         0.382
              slip_0  slip_100  slip_250  slip_500  slip_1000  slip_2000  engine_slip  spread_trig  model_spread
lo                                                                                                              
07-09 London   0.145     0.184     0.368     0.403      0.383      0.358         0.05        0.316         0.307
other          0.255     0.245     0.248     0.273      0.284      0.274         0.05        0.364         0.301
  mean excess slip vs engine (L=0, 250, 500 ms), in USD and in R:
   L=   0ms  USD +0.1969 (se 0.0520)  R +0.0343
   L= 250ms  USD +0.2073 (se 0.0483)  R +0.0341
   L= 500ms  USD +0.2330 (se 0.0548)  R +0.0383
   L=1000ms  USD +0.2412 (se 0.0601)  R +0.0394
  trigger minute differs from engine (|early_min|>1): 0.041

time: n=71
       slip_0  slip_100  slip_250  slip_500  slip_1000  slip_2000  engine_slip  spread_trig  model_spread
count  71.000    71.000    71.000    71.000     71.000     71.000        71.00       71.000        71.000
mean    0.000     0.008     0.009     0.016      0.025      0.034         0.05        0.325         0.316
std     0.109     0.114     0.130     0.125      0.129      0.146         0.00        0.130         0.039
min    -0.211    -0.232    -0.172    -0.170     -0.330     -0.320         0.05        0.100         0.243
50%     0.000    -0.007    -0.008    -0.006      0.000      0.013         0.05        0.311         0.311
75%     0.016     0.042     0.048     0.053      0.077      0.096         0.05        0.368         0.342
90%     0.065     0.074     0.086     0.136      0.158      0.198         0.05        0.409         0.376
95%     0.073     0.096     0.160     0.217      0.229      0.241         0.05        0.450         0.376
max     0.781     0.771     0.781     0.621      0.621      0.781         0.05        1.157         0.376
       slip_0  slip_100  slip_250  slip_500  slip_1000  slip_2000  engine_slip  spread_trig  model_spread
lo                                                                                                       
other     0.0     0.008     0.009     0.016      0.025      0.034         0.05        0.325         0.316
  mean excess slip vs engine (L=0, 250, 500 ms), in USD and in R:
   L=   0ms  USD -0.0495 (se 0.0129)  R -0.0080
   L= 250ms  USD -0.0407 (se 0.0154)  R -0.0071
   L= 500ms  USD -0.0338 (se 0.0148)  R -0.0066
   L=1000ms  USD -0.0250 (se 0.0154)  R -0.0052
  trigger minute differs from engine (|early_min|>1): 0.0
{
 "entry": {
  "n": 297,
  "mean_slip_0ms": 0.0632,
  "mean_slip_100ms": 0.0713,
  "mean_slip_250ms": 0.0894,
  "mean_slip_500ms": 0.0994,
  "mean_slip_1000ms": 0.0995,
  "mean_slip_2000ms": 0.1065,
  "p90_slip_0ms": 0.1644,
  "p90_slip_100ms": 0.2112,
  "p90_slip_250ms": 0.2814,
  "p90_slip_500ms": 0.3004,
  "p90_slip_1000ms": 0.2908,
  "p90_slip_2000ms": 0.3236,
  "engine_slip_mean": 0.0502,
  "excess_R_0ms": 0.002,
  "excess_R_100ms": 0.0028,
  "excess_R_250ms": 0.0052,
  "excess_R_500ms": 0.0064,
  "excess_R_1000ms": 0.0063,
  "excess_R_2000ms": 0.0066,
  "spread_trig_mean": 0.3424,
  "model_spread_mean": 0.3175,
  "spread_trig_p90": 0.4534
 },
 "sl": {
  "n": 146,
  "mean_slip_0ms": 0.2469,
  "mean_slip_100ms": 0.2401,
  "mean_slip_250ms": 0.2573,
  "mean_slip_500ms": 0.283,
  "mean_slip_1000ms": 0.2912,
  "mean_slip_2000ms": 0.2804,
  "p90_slip_0ms": 0.6925,
  "p90_slip_100ms": 0.6245,
  "p90_slip_250ms": 0.9235,
  "p90_slip_500ms": 0.7995,
  "p90_slip_1000ms": 0.675,
  "p90_slip_2000ms": 0.7495,
  "engine_slip_mean": 0.05,
  "excess_R_0ms": 0.0343,
  "excess_R_100ms": 0.032,
  "excess_R_250ms": 0.0341,
  "excess_R_500ms": 0.0383,
  "excess_R_1000ms": 0.0394,
  "excess_R_2000ms": 0.0383,
  "spread_trig_mean": 0.3603,
  "model_spread_mean": 0.3015,
  "spread_trig_p90": 0.4935
 },
 "time": {
  "n": 71,
  "mean_slip_0ms": 0.0005,
  "mean_slip_100ms": 0.0078,
  "mean_slip_250ms": 0.0093,
  "mean_slip_500ms": 0.0162,
  "mean_slip_1000ms": 0.025,
  "mean_slip_2000ms": 0.0337,
  "p90_slip_0ms": 0.065,
  "p90_slip_100ms": 0.074,
  "p90_slip_250ms": 0.086,
  "p90_slip_500ms": 0.136,
  "p90_slip_1000ms": 0.158,
  "p90_slip_2000ms": 0.198,
  "engine_slip_mean": 0.05,
  "excess_R_0ms": -0.008,
  "excess_R_100ms": -0.0069,
  "excess_R_250ms": -0.0071,
  "excess_R_500ms": -0.0066,
  "excess_R_1000ms": -0.0052,
  "excess_R_2000ms": -0.0045,
  "spread_trig_mean": 0.3245,
  "model_spread_mean": 0.3163,
  "spread_trig_p90": 0.409
 }
}
entry n 297 first tick of window already beyond: 0  |feed offset| median 0.000 p90 0.089
      kind        date  dir  slip0  prev_dist  gap_ms  first_in_window  feed_off  ny_hm   risk
6    entry  2014-04-10    1  0.929      0.143     101            False     0.138  2.300   6.78
292  entry  2023-09-21   -1  0.851      0.590      51            False     0.000  4.850   6.90
47   entry  2016-01-08   -1  0.631      0.108     404            False     0.029  2.117  11.63
39   entry  2015-11-11    1  0.563      0.088     101            False     0.029  1.617   4.77
132  entry  2018-05-23   -1  0.501      0.072      51            False     0.048  1.433   3.63
183  entry  2020-06-02   -1  0.473      0.033      50            False     0.000  0.683   6.76
1    entry  2014-02-25   -1  0.467      0.443     196            False     0.103  5.717   5.74
134  entry  2018-06-11   -1  0.419      0.029      51            False     0.088  1.100   2.81
163  entry  2019-09-16   -1  0.417      0.010      50            False     0.000  1.433   9.80
180  entry  2020-05-11   -1  0.410      0.170      50            False     0.000  1.500   9.66
51   entry  2016-04-18   -1  0.399      0.150     300            False     0.141  2.683   6.26
279  entry  2023-04-12    1  0.351      0.120    2409            False     0.000  0.667  15.99
2    entry  2014-02-27   -1  0.328      0.267     219            False     0.082  3.117   5.91
258  entry  2022-08-11   -1  0.324      0.024     101            False     0.000  0.750   7.93
  excluding window-start triggers: n 297 mean slip0 0.063 median 0.023
  NY 08:25-08:45 or 09:55-10:05 hits: 0 mean slip there nan
sl n 146 first tick of window already beyond: 0  |feed offset| median 0.001 p90 0.087
    kind        date  dir  slip0  prev_dist  gap_ms  first_in_window  feed_off   ny_hm    risk
430   sl  2022-12-02    1  4.517      2.669      51            False     0.000   8.500   7.010
395   sl  2020-07-14    1  3.580      0.510     100            False     0.000   6.300   6.680
362   sl  2018-05-31    1  3.142      1.700      51            False     0.018   8.500   3.590
376   sl  2019-04-26    1  2.310      1.197      78            False     0.000   8.500   3.567
326   sl  2016-04-14    1  1.921      0.218     111            False     0.019  11.733  13.230
429   sl  2022-11-23    1  1.510      1.160    2058            False     0.000   8.500   9.881
297   sl  2014-02-20    1  1.268      0.890      51            False     0.119   7.783   5.750
353   sl  2018-01-09    1  1.218      0.101      51            False     0.029   3.500   3.710
306   sl  2015-01-08   -1  1.201      0.052     302            False     0.031   9.900   9.400
299   sl  2014-02-27   -1  1.010      0.148     100            False     0.110   5.083   5.910
348   sl  2017-08-08    1  0.961      0.438     336            False    -0.071  10.633   3.920
420   sl  2021-10-28    1  0.870      0.054      50            False     0.000  10.583   9.114
398   sl  2020-09-25    1  0.827      0.940      50            False     0.000   6.483   8.923
319   sl  2015-11-03    1  0.780      0.378     445            False    -0.001   4.533   5.070
327   sl  2016-04-26   -1  0.728      0.199      51            False     0.050   9.283   5.690
399   sl  2020-09-30   -1  0.657      0.113      51            False     0.000   8.867  11.617
301   sl  2014-04-14    1  0.577      0.118     100            False     0.117   5.167   4.680
337   sl  2016-12-02   -1  0.491      0.179     101            False     0.039  10.200   5.480
436   sl  2023-04-17    1  0.470      0.240     142            False     0.000   9.767  10.903
335   sl  2016-11-04   -1  0.390      0.919     159            False     0.139   8.500   6.540
309   sl  2015-03-13    1  0.381      0.079     302            False     0.058  10.433   7.890
394   sl  2020-06-01    1  0.330      0.100      50            False     0.000   7.083   8.877
  excluding window-start triggers: n 146 mean slip0 0.247 median 0.041
  NY 08:25-08:45 or 09:55-10:05 hits: 19 mean slip there 0.726
