daily-halt reopen at 18:00 NY, share by year:
 time
2014    0.985
2015    0.980
2016    0.995
2017    0.990
2018    1.000
2019    0.985
2020    0.990
2021    0.995
2022    0.995
2023    1.000
same, US/EU DST-mismatch weeks only:
 time
2014    1.000
2015    1.000
2016    0.917
2017    0.923
2018    1.000
2019    1.000
2020    1.000
2021    1.000
2022    1.000
2023    1.000
dukascopy days checked: 411, mismatches: 0
coverage:
       weekdays  median_bars  days_lt_1000_bars
time                                          
2014       260       1373.0                  2
2015       260       1371.0                  2
2016       259       1377.0                  1
2017       259       1378.0                  2
2018       260       1378.0                  2
2019       260       1375.5                  2
2020       260       1380.0                  1
2021       258       1380.0                  0
2022       259       1380.0                  1
2023       259       1379.0                  2
