rows 3532814 2014-01-01 23:00:00+00:00 2023-12-29 21:58:00+00:00 tz UTC
index monotonic True dups 0
ask index equal True
non-minute ts 0
OHLC inconsistent bars 0
Empty DataFrame
Columns: [open, high, low, close, volume]
Index: []
lmin non-increasing steps 0
bars with |close-to-close| > 1%: 15
year
2014    1
2015    3
2016    2
2019    1
2020    3
2021    2
2022    2
2023    1
dtype: int64
bars with H-L range > 1%: 38
                               open      high  ...  volume       rng
time                                           ...                  
2015-07-20 01:29:00+00:00  1129.490  1129.490  ...       0  0.040877
2021-08-08 22:57:00+00:00  1715.958  1717.033  ...       0  0.027863
2016-09-02 12:30:00+00:00  1307.660  1329.690  ...       0  0.017658
2023-05-03 22:00:00+00:00  2039.274  2071.998  ...      -1  0.015874
2021-01-08 08:00:00+00:00  1904.725  1904.725  ...       0  0.014773
2017-06-26 08:01:00+00:00  1253.350  1253.380  ...       0  0.014328
2016-07-08 12:30:00+00:00  1355.230  1356.930  ...       0  0.014028
2022-10-13 12:30:00+00:00  1674.334  1674.334  ...       0  0.013637
2022-12-13 13:30:00+00:00  1790.125  1813.197  ...       0  0.013104
2022-11-10 13:30:00+00:00  1711.297  1733.748  ...       0  0.012975
2019-06-20 01:03:00+00:00  1376.105  1393.928  ...       0  0.012885
2020-03-24 12:12:00+00:00  1595.935  1602.165  ...       0  0.012797
2020-03-24 10:59:00+00:00  1595.105  1595.105  ...       0  0.012709
2020-01-05 23:01:00+00:00  1566.675  1585.625  ...       0  0.012177
2014-01-10 13:30:00+00:00  1228.410  1243.480  ...       0  0.012142
2016-11-23 13:30:00+00:00  1202.950  1202.950  ...       0  0.012090
2020-03-19 22:09:00+00:00  1472.448  1472.548  ...       0  0.012089
2021-01-17 23:35:00+00:00  1824.538  1824.688  ...       0  0.011979
2020-03-24 12:13:00+00:00  1583.028  1602.128  ...       0  0.011958
2018-11-30 21:59:00+00:00  1234.420  1234.530  ...       0  0.011819
2015-07-20 01:35:00+00:00  1105.170  1105.200  ...       0  0.011813
2016-09-02 12:29:00+00:00  1313.030  1321.390  ...       0  0.011700
2017-08-25 13:41:00+00:00  1289.530  1290.020  ...       0  0.011550
2020-03-24 11:03:00+00:00  1592.905  1592.905  ...       0  0.011402
2014-01-06 15:14:00+00:00  1246.040  1246.050  ...       0  0.011370

[25 rows x 6 columns]
spike-revert wicks > 0.5%: 51  > 0.3%: 317
                               open      high  ...  volume      wick
time                                           ...                  
2014-04-15 12:26:00+00:00  1298.540  1298.610  ...       0  0.005708
2014-11-07 13:30:00+00:00  1155.180  1157.560  ...       0  0.005553
2015-07-20 01:29:00+00:00  1129.490  1129.490  ...       0  0.021763
2015-07-20 01:36:00+00:00  1092.940  1093.620  ...       0  0.005216
2015-09-04 12:30:00+00:00  1128.300  1132.440  ...       0  0.007040
2015-12-16 19:03:00+00:00  1067.560  1077.260  ...       0  0.006103
2016-06-24 03:56:00+00:00  1336.880  1346.410  ...       0  0.007110
2016-07-08 13:15:00+00:00  1359.720  1370.230  ...       0  0.006333
2016-07-29 03:44:00+00:00  1336.280  1341.740  ...       0  0.006295
2016-08-17 18:00:00+00:00  1343.830  1344.100  ...       0  0.006163
2016-09-02 12:29:00+00:00  1313.030  1321.390  ...       0  0.005383
2016-09-02 12:30:00+00:00  1307.660  1329.690  ...       0  0.005818
2016-11-23 13:30:00+00:00  1202.950  1202.950  ...       0  0.007328
2017-06-26 08:01:00+00:00  1253.350  1253.380  ...       0  0.008332
2017-08-25 13:41:00+00:00  1289.530  1290.020  ...       0  0.005166
2018-11-30 21:59:00+00:00  1234.420  1234.530  ...       0  0.009860
2019-06-20 01:03:00+00:00  1376.105  1393.928  ...       0  0.007357
2020-03-03 15:01:00+00:00  1613.848  1622.708  ...       0  0.005471
2020-03-12 17:01:00+00:00  1600.298  1609.778  ...       0  0.005862
2020-03-13 15:49:00+00:00  1530.368  1531.648  ...       0  0.005615
2020-03-15 22:00:00+00:00  1567.348  1568.898  ...       0  0.007765
2020-03-16 11:03:00+00:00  1471.168  1478.708  ...       0  0.005778
2020-03-16 13:48:00+00:00  1462.968  1463.145  ...       0  0.005597
2020-03-16 17:29:00+00:00  1491.102  1491.102  ...       0  0.005061
2020-03-19 22:09:00+00:00  1472.448  1472.548  ...       0  0.005397
2020-03-24 10:53:00+00:00  1607.038  1607.388  ...       0  0.005833
2020-03-24 10:54:00+00:00  1600.005  1611.078  ...       0  0.006883
2020-03-24 10:59:00+00:00  1595.105  1595.105  ...       0  0.011647
2020-03-24 11:03:00+00:00  1592.905  1592.905  ...       0  0.008392
2020-03-24 11:04:00+00:00  1588.085  1588.125  ...       0  0.010728
2020-03-24 11:10:00+00:00  1588.795  1588.915  ...       0  0.005258
2020-03-24 11:26:00+00:00  1589.328  1589.328  ...       0  0.006232
2020-03-24 12:12:00+00:00  1595.935  1602.165  ...       0  0.009727
2020-03-24 22:12:00+00:00  1629.293  1629.293  ...       0  0.007136
2020-03-25 00:45:00+00:00  1626.960  1629.785  ...       0  0.006917
2020-03-25 11:41:00+00:00  1609.108  1614.190  ...       0  0.005705
2020-03-29 22:00:00+00:00  1639.458  1639.458  ...       0  0.008144
2020-04-06 23:28:00+00:00  1663.515  1674.398  ...       0  0.006530
2020-08-12 11:23:00+00:00  1936.818  1937.738  ...       0  0.005581
2020-11-04 01:00:00+00:00  1899.688  1900.178  ...       0  0.008645

[40 rows x 6 columns]
flat bars share by year:
 time
2014    0.0085
2015    0.0090
2016    0.0021
2017    0.0012
2018    0.0018
2019    0.0093
2020    0.0038
2021    0.0014
2022    0.0010
2023    0.0016
longest stale runs (minutes): {2045683: 16, 2219874: 11, 2214707: 11, 2641801: 11, 1891073: 11, 2045686: 10, 2199811: 10, 2235274: 10, 1866859: 9, 2045684: 9}
dukascopy-patched bars by year:
 time
2014      1499
2015        60
2016        60
2017       120
2018        60
2019      1136
2020      1379
2021      1140
2022         0
2023    160784
intra-session gaps >5min (London 01-21h, weekdays) by year:
        n      mx
t               
2014   4  3183.0
2015  11   897.0
2016   9    28.0
2017   2    50.0
2019  11  3062.0
2020   3    63.0
2021   1    61.0
2022   2    61.0
2023  11  3061.0
                                t     gap
227830  2014-08-25 03:02:00+01:00  3183.0
1903604 2019-05-27 01:00:00+01:00  3062.0
3301793 2023-05-08 01:00:00+01:00  3061.0
3362740 2023-07-10 01:00:00+01:00  3061.0
3349296 2023-06-26 01:00:00+01:00  3061.0
146082  2014-06-02 01:00:00+01:00  3061.0
441582  2015-04-03 13:58:00+01:00   897.0
525759  2015-07-01 01:49:00+01:00   168.0
1942955 2019-07-04 20:28:00+01:00   128.0
2334926 2020-08-12 14:00:00+01:00    63.0
2909270 2022-03-28 01:00:00+01:00    61.0
3269041 2023-04-03 01:00:00+01:00    61.0
2554895 2021-03-29 01:00:00+01:00    61.0
2202225 2020-03-30 01:00:00+01:00    61.0
3376410 2023-07-24 01:00:00+01:00    61.0
1850137 2019-04-01 01:00:00+01:00    61.0
3328996 2023-06-05 01:00:00+01:00    61.0
3315473 2023-05-22 01:00:00+01:00    61.0
3262201 2023-03-27 01:00:00+01:00    61.0
1210092 2017-06-08 02:47:00+01:00    50.0
spread quantiles {0.0: 0.223, 0.01: 0.224, 0.5: 0.311, 0.99: 0.436, 1.0: 2.078}
spread constant within hour? 2.2737367544323206e-13
bars on Saturday (UTC): 0  Sunday bars before 21:00 UTC: 0
Friday last bar London time distribution: {'21:59': 398, '21:58': 43, '20:59': 30, '21:57': 10, '18:44': 4, '21:56': 3, '21:55': 3, '20:58': 3}
Sunday first bar London: {'23:00': 260, '23:01': 197, '22:00': 19, '22:01': 14, '23:02': 3, '22:02': 1, '23:06': 1, '23:03': 1}
