days: 304 bars: 354812
07-20 London:
       model  act_med  act_mean  act_p90       n
y                                              
2014  0.274    0.260     0.275    0.342  159066
2015  0.302    0.289     0.284    0.334    5451
2016  0.300    0.299     0.294    0.354    4680
2017  0.241    0.240     0.239    0.282    4679
2018  0.230    0.230     0.231    0.277    4680
2019  0.290    0.287     0.286    0.317    4680
2020  0.367    0.367     0.385    0.564    4680
2021  0.348    0.344     0.345    0.409    4680
2022  0.354    0.354     0.364    0.464    4680
2023  0.320    0.320     0.319    0.357    4680
top-5% range bars: actual mean spread / model:
       act_mean  model  ratio
y                           
2014     0.287  0.273  1.050
2015     0.285  0.294  0.972
2016     0.283  0.290  0.979
2017     0.245  0.243  1.011
2018     0.225  0.229  0.981
2019     0.293  0.293  1.000
2020     0.407  0.367  1.110
2021     0.367  0.355  1.033
2022     0.420  0.353  1.189
2023     0.333  0.322  1.035
07-09 London mean actual vs model: 0.285 0.303
