| config | period | n | nL | nS | actual | always_long | always_short | coin_mean | coin_sd | coin_q95 | p_coin | shuf_mean | shuf_q95 | p_shuffle | L_minus_opp | S_minus_opp |
|---|---|---|---|---|---|---|---|---|---|---|---|---|---|---|---|---|
| default n_perm=10000 | IS | 1828 | 976 | 852 | 0.0078 | -0.0857 | -0.0263 | -0.0562 | 0.0271 | -0.0115 | 0.0098 | -0.0579 | -0.0150 | 0.0065 | 0.0639 | 0.2006 |
| default n_perm=10000 | VAL | 478 | 256 | 222 | -0.0105 | -0.1108 | 0.0250 | -0.0425 | 0.0551 | 0.0489 | 0.2795 | -0.0472 | 0.0446 | 0.2476 | -0.0662 | 0.2161 |
| default n_perm=200 | IS | 1828 | 976 | 852 | 0.0078 | -0.0857 | -0.0263 | -0.0571 | 0.0288 | -0.0159 | 0.0149 | -0.0581 | -0.0139 | 0.0100 | 0.0639 | 0.2006 |
| default n_perm=200 | VAL | 478 | 256 | 222 | -0.0105 | -0.1108 | 0.0250 | -0.0399 | 0.0610 | 0.0539 | 0.3184 | -0.0453 | 0.0528 | 0.2587 | -0.0662 | 0.2161 |
IS z_coin_analytic 2.36 perm z 2.36 long_trades {'n': 976, 'actual': -0.0082, 'opposite': -0.0721, 'diff': 0.0639, 't_diff': 0.8558} short_trades {'n': 852, 'actual': 0.0261, 'opposite': -0.1746, 'diff': 0.2006, 't_diff': 2.5748}
VAL z_coin_analytic 0.59 perm z 0.58 long_trades {'n': 256, 'actual': -0.0927, 'opposite': -0.0265, 'diff': -0.0662, 't_diff': -0.4605} short_trades {'n': 222, 'actual': 0.0844, 'opposite': -0.1317, 'diff': 0.2161, 't_diff': 1.2645}
| year | n | nL | actual | always_long | always_short | coin_mean | dir_info | p_coin |
|---|---|---|---|---|---|---|---|---|
| 2014.0000 | 222.0000 | 132.0000 | 0.0312 | -0.1421 | 0.0243 | -0.0589 | 0.0901 | 0.1393 |
| 2015.0000 | 230.0000 | 116.0000 | 0.1670 | -0.1962 | 0.1901 | -0.0030 | 0.1701 | 0.0207 |
| 2016.0000 | 213.0000 | 111.0000 | -0.0230 | -0.1116 | -0.0387 | -0.0752 | 0.0522 | 0.2384 |
| 2017.0000 | 227.0000 | 117.0000 | -0.0033 | -0.0981 | -0.1445 | -0.1213 | 0.1180 | 0.0511 |
| 2018.0000 | 237.0000 | 111.0000 | 0.0143 | -0.0455 | -0.0809 | -0.0632 | 0.0775 | 0.1424 |
| 2019.0000 | 230.0000 | 126.0000 | -0.1475 | -0.0275 | -0.0884 | -0.0580 | -0.0895 | 0.8724 |
| 2020.0000 | 231.0000 | 130.0000 | 0.1004 | 0.0895 | -0.1847 | -0.0476 | 0.1480 | 0.0196 |
| 2021.0000 | 238.0000 | 133.0000 | -0.0763 | -0.1578 | 0.1090 | -0.0244 | -0.0519 | 0.7565 |
| 2022.0000 | 242.0000 | 126.0000 | 0.0169 | -0.0492 | 0.0674 | 0.0091 | 0.0077 | 0.4595 |
| 2023.0000 | 236.0000 | 130.0000 | -0.0385 | -0.1740 | -0.0185 | -0.0963 | 0.0578 | 0.2240 |
random-time null: {'IS': {'n': 1828, 'actual_first_trade': 0.0078, 'mean': -0.0713, 'sd': 0.0283, 'q05': -0.1183, 'q95': -0.0218, 'p': 0.01}, 'VAL': {'n': 478, 'actual_first_trade': -0.0105, 'mean': -0.0675, 'sd': 0.0595, 'q05': -0.1569, 'q95': 0.0258, 'p': 0.1791}}
IS reason same: {'time': 954, 'sl': 874}  flipped: {'sl': 940, 'time': 888}
VAL reason same: {'sl': 241, 'time': 237}  flipped: {'sl': 260, 'time': 218}
