                                 0                1         2         3
config                     default  tight_sl0.5_tp2  fade_tp1  wide_sl2
n_IS                          1828             1828      1748      1828
gross_avg_R                 0.0988           0.0864   -0.0511    0.0454
gross_L                     0.0843           0.0914   -0.0707    0.0372
gross_S                     0.1137           0.0813   -0.0319    0.0537
net_avg_R                   0.0078          -0.0934   -0.1087   -0.0031
net_L                      -0.0082          -0.0757   -0.1384   -0.0168
net_S                       0.0261          -0.1137   -0.0824    0.0125
stress_avg_R               -0.0321          -0.1623   -0.1293   -0.0274
cost_drag_R                  0.091           0.1798    0.0576    0.0485
nominal_cost_R              0.0897           0.1737    0.0764    0.0449
nominal_cost_R_median       0.0822           0.1595    0.0696    0.0411
nominal_cost_usd            0.4706           0.4561    0.4019    0.4706
median_risk_usd             5.5215           2.7608      5.52    11.043
m_star                       1.077           0.4679       0.0    0.9474
m_star_L                      0.92           0.5819       0.0    0.7163
m_star_S                    1.2235           0.3754       0.0    1.1996
be_rt_cost_usd              0.5068           0.2134       0.0    0.4458
be_extra_comm_usd           0.0399          -0.2392   -0.5545   -0.0321
be_rt_cost_from_gross_usd   0.5055            0.221   -0.2613    0.4642
be_slip                     0.0726              0.0       0.0    0.0335
be_spread_k                 1.1439              NaN       NaN       NaN

| config | costs | period | side | n | avg_R | win_rate | PF | t_stat | trades_per_year | maxDD_R | yrs_pos |
|---|---|---|---|---|---|---|---|---|---|---|---|
| default | frictionless | IS | all | 1787.0000 | 0.0988 | 0.4180 | 1.2000 | 2.8800 | 225.1000 | 27.7000 | 6.0000 |
| default | frictionless | IS | long | 905.0000 | 0.0843 | 0.4110 | 1.1720 | 1.7500 | 114.0000 | 32.0000 | nan |
| default | frictionless | IS | short | 882.0000 | 0.1137 | 0.4250 | 1.2270 | 2.3100 | 111.1000 | 32.5000 | nan |
| default | frictionless | VAL | all | 470.0000 | 0.0581 | 0.3830 | 1.1100 | 0.8400 | 236.8000 | 30.9000 | 2.0000 |
| default | frictionless | VAL | long | 238.0000 | -0.0349 | 0.3570 | 0.9370 | -0.3900 | 120.1000 | 28.0000 | nan |
| default | frictionless | VAL | short | 232.0000 | 0.1535 | 0.4090 | 1.3040 | 1.4500 | 117.0000 | 20.8000 | nan |
| default | default | IS | all | 1828.0000 | 0.0078 | 0.3910 | 1.0150 | 0.2300 | 230.2000 | 43.5000 | 4.0000 |
| default | default | IS | long | 976.0000 | -0.0082 | 0.3830 | 0.9850 | -0.1800 | 123.0000 | 42.4000 | nan |
| default | default | IS | short | 852.0000 | 0.0261 | 0.3990 | 1.0480 | 0.5300 | 107.3000 | 44.6000 | nan |
| default | default | VAL | all | 478.0000 | -0.0105 | 0.3660 | 0.9810 | -0.1600 | 240.8000 | 37.1000 | 1.0000 |
| default | default | VAL | long | 256.0000 | -0.0927 | 0.3400 | 0.8410 | -1.0900 | 129.1000 | 35.9000 | nan |
| default | default | VAL | short | 222.0000 | 0.0844 | 0.3960 | 1.1590 | 0.8100 | 112.0000 | 22.1000 | nan |
| default | stress | IS | all | 1842.0000 | -0.0321 | 0.3800 | 0.9420 | -0.9800 | 232.0000 | 83.6000 | 2.0000 |
| default | stress | IS | long | 1004.0000 | -0.0496 | 0.3720 | 0.9110 | -1.1200 | 126.5000 | 59.4000 | nan |
| default | stress | IS | short | 838.0000 | -0.0111 | 0.3900 | 0.9800 | -0.2300 | 105.6000 | 61.3000 | nan |
| tight_sl0.5_tp2 | frictionless | IS | all | 1787.0000 | 0.0864 | 0.3750 | 1.1410 | 2.5900 | 225.1000 | 33.9000 | 7.0000 |
| tight_sl0.5_tp2 | frictionless | IS | long | 905.0000 | 0.0914 | 0.3810 | 1.1510 | 1.9700 | 114.0000 | 19.9000 | nan |
| tight_sl0.5_tp2 | frictionless | IS | short | 882.0000 | 0.0813 | 0.3700 | 1.1300 | 1.7000 | 111.1000 | 36.3000 | nan |
| tight_sl0.5_tp2 | frictionless | VAL | all | 470.0000 | 0.0053 | 0.3450 | 1.0080 | 0.0800 | 236.8000 | 35.2000 | 1.0000 |
| tight_sl0.5_tp2 | frictionless | VAL | long | 238.0000 | -0.0972 | 0.3110 | 0.8560 | -1.1200 | 120.1000 | 42.9000 | nan |
| tight_sl0.5_tp2 | frictionless | VAL | short | 232.0000 | 0.1105 | 0.3790 | 1.1810 | 1.1800 | 117.0000 | 12.0000 | nan |
| tight_sl0.5_tp2 | default | IS | all | 1828.0000 | -0.0934 | 0.3290 | 0.8650 | -2.9200 | 230.2000 | 177.2000 | 0.0000 |
| tight_sl0.5_tp2 | default | IS | long | 976.0000 | -0.0757 | 0.3380 | 0.8890 | -1.7300 | 123.0000 | 84.3000 | nan |
| tight_sl0.5_tp2 | default | IS | short | 852.0000 | -0.1137 | 0.3190 | 0.8390 | -2.4200 | 107.3000 | 112.2000 | nan |
| tight_sl0.5_tp2 | default | VAL | all | 478.0000 | -0.1425 | 0.3030 | 0.7990 | -2.3100 | 240.8000 | 86.0000 | 0.0000 |
| tight_sl0.5_tp2 | default | VAL | long | 256.0000 | -0.2605 | 0.2660 | 0.6510 | -3.2500 | 129.1000 | 74.4000 | nan |
| tight_sl0.5_tp2 | default | VAL | short | 222.0000 | -0.0064 | 0.3470 | 0.9900 | -0.0700 | 112.0000 | 23.4000 | nan |
| tight_sl0.5_tp2 | stress | IS | all | 1842.0000 | -0.1623 | 0.3120 | 0.7770 | -5.1400 | 232.0000 | 300.3000 | 0.0000 |
| tight_sl0.5_tp2 | stress | IS | long | 1004.0000 | -0.1472 | 0.3200 | 0.7940 | -3.4400 | 126.5000 | 156.7000 | nan |
| tight_sl0.5_tp2 | stress | IS | short | 838.0000 | -0.1804 | 0.3020 | 0.7560 | -3.8400 | 105.6000 | 153.5000 | nan |
| fade_tp1 | frictionless | IS | all | 1787.0000 | -0.0511 | 0.4810 | 0.8900 | -2.3400 | 225.1000 | 117.8000 | 2.0000 |
| fade_tp1 | frictionless | IS | long | 882.0000 | -0.0707 | 0.4690 | 0.8540 | -2.2500 | 111.1000 | 89.8000 | nan |
| fade_tp1 | frictionless | IS | short | 905.0000 | -0.0319 | 0.4930 | 0.9290 | -1.0600 | 114.0000 | 55.9000 | nan |
| fade_tp1 | frictionless | VAL | all | 470.0000 | -0.0285 | 0.5020 | 0.9380 | -0.6700 | 236.8000 | 17.6000 | 0.0000 |
| fade_tp1 | frictionless | VAL | long | 232.0000 | -0.0969 | 0.4660 | 0.8070 | -1.5800 | 117.0000 | 24.5000 | nan |
| fade_tp1 | frictionless | VAL | short | 238.0000 | 0.0381 | 0.5380 | 1.0910 | 0.6400 | 120.1000 | 10.9000 | nan |
| fade_tp1 | default | IS | all | 1748.0000 | -0.1087 | 0.4590 | 0.7810 | -4.9200 | 220.2000 | 205.9000 | 1.0000 |
| fade_tp1 | default | IS | long | 821.0000 | -0.1384 | 0.4450 | 0.7350 | -4.2400 | 103.4000 | 128.1000 | nan |
| fade_tp1 | default | IS | short | 927.0000 | -0.0824 | 0.4720 | 0.8260 | -2.7500 | 116.8000 | 89.8000 | nan |
| fade_tp1 | default | VAL | all | 465.0000 | -0.0879 | 0.4770 | 0.8210 | -2.0400 | 234.3000 | 41.9000 | 0.0000 |
| fade_tp1 | default | VAL | long | 219.0000 | -0.1704 | 0.4340 | 0.6840 | -2.7100 | 110.5000 | 37.3000 | nan |
| fade_tp1 | default | VAL | short | 246.0000 | -0.0145 | 0.5160 | 0.9680 | -0.2500 | 124.1000 | 15.2000 | nan |
| fade_tp1 | stress | IS | all | 1738.0000 | -0.1293 | 0.4520 | 0.7460 | -5.8200 | 218.9000 | 239.0000 | 1.0000 |
| fade_tp1 | stress | IS | long | 802.0000 | -0.1675 | 0.4340 | 0.6900 | -5.0600 | 101.0000 | 145.5000 | nan |
| fade_tp1 | stress | IS | short | 936.0000 | -0.0966 | 0.4670 | 0.8000 | -3.2300 | 117.9000 | 104.4000 | nan |
| wide_sl2 | frictionless | IS | all | 1787.0000 | 0.0454 | 0.4920 | 1.1590 | 2.3200 | 225.1000 | 20.8000 | 7.0000 |
| wide_sl2 | frictionless | IS | long | 905.0000 | 0.0372 | 0.4820 | 1.1300 | 1.3400 | 114.0000 | 13.0000 | nan |
| wide_sl2 | frictionless | IS | short | 882.0000 | 0.0537 | 0.5030 | 1.1890 | 1.9500 | 111.1000 | 26.3000 | nan |
| wide_sl2 | frictionless | VAL | all | 470.0000 | 0.0157 | 0.4640 | 1.0480 | 0.3800 | 236.8000 | 16.6000 | 1.0000 |
| wide_sl2 | frictionless | VAL | long | 238.0000 | -0.0139 | 0.4450 | 0.9580 | -0.2600 | 120.1000 | 13.0000 | nan |
| wide_sl2 | frictionless | VAL | short | 232.0000 | 0.0460 | 0.4830 | 1.1400 | 0.7500 | 117.0000 | 10.0000 | nan |
| wide_sl2 | default | IS | all | 1828.0000 | -0.0031 | 0.4610 | 0.9900 | -0.1600 | 230.2000 | 40.1000 | 4.0000 |
| wide_sl2 | default | IS | long | 976.0000 | -0.0168 | 0.4530 | 0.9470 | -0.6300 | 123.0000 | 31.0000 | nan |
| wide_sl2 | default | IS | short | 852.0000 | 0.0125 | 0.4710 | 1.0410 | 0.4500 | 107.3000 | 33.7000 | nan |
| wide_sl2 | default | VAL | all | 478.0000 | -0.0209 | 0.4520 | 0.9400 | -0.5200 | 240.8000 | 22.3000 | 1.0000 |
| wide_sl2 | default | VAL | long | 256.0000 | -0.0487 | 0.4340 | 0.8620 | -0.9300 | 129.1000 | 16.0000 | nan |
| wide_sl2 | default | VAL | short | 222.0000 | 0.0113 | 0.4730 | 1.0330 | 0.1900 | 112.0000 | 10.2000 | nan |
| wide_sl2 | stress | IS | all | 1842.0000 | -0.0274 | 0.4490 | 0.9150 | -1.4500 | 232.0000 | 63.7000 | 3.0000 |
| wide_sl2 | stress | IS | long | 1004.0000 | -0.0406 | 0.4400 | 0.8760 | -1.5600 | 126.5000 | 49.3000 | nan |
| wide_sl2 | stress | IS | short | 838.0000 | -0.0117 | 0.4590 | 0.9630 | -0.4200 | 105.6000 | 43.9000 | nan |

default
comm             0.00    0.07    0.15
spread_k slip                        
1.0      0.00  0.0368  0.0231  0.0075
         0.05  0.0214  0.0078 -0.0078
         0.15 -0.0131 -0.0267 -0.0423
         0.30 -0.0663 -0.0799 -0.0955
1.5      0.00  0.0102 -0.0034 -0.0190
         0.05 -0.0056 -0.0193 -0.0349
         0.15 -0.0417 -0.0553 -0.0709
         0.30 -0.0980 -0.1117 -0.1273
2.0      0.00 -0.0105 -0.0241 -0.0397
         0.05 -0.0325 -0.0461 -0.0617
         0.15 -0.0693 -0.0829 -0.0985
         0.30 -0.1291 -0.1427 -0.1583
tight_sl0.5_tp2
comm             0.00    0.07    0.15
spread_k slip                        
1.0      0.00 -0.0359 -0.0633 -0.0945
         0.05 -0.0661 -0.0934 -0.1246
         0.15 -0.1354 -0.1627 -0.1940
         0.30 -0.2422 -0.2695 -0.3008
1.5      0.00 -0.0973 -0.1246 -0.1558
         0.05 -0.1261 -0.1534 -0.1846
         0.15 -0.1981 -0.2254 -0.2566
         0.30 -0.3168 -0.3441 -0.3752
2.0      0.00 -0.1441 -0.1713 -0.2024
         0.05 -0.1797 -0.2069 -0.2380
         0.15 -0.2464 -0.2736 -0.3048
         0.30 -0.3721 -0.3993 -0.4304
fade_tp1
comm             0.00    0.07    0.15
spread_k slip                        
1.0      0.00 -0.0890 -0.1027 -0.1184
         0.05 -0.0950 -0.1087 -0.1244
         0.15 -0.1070 -0.1208 -0.1365
         0.30 -0.1251 -0.1389 -0.1545
1.5      0.00 -0.1107 -0.1244 -0.1401
         0.05 -0.1168 -0.1306 -0.1463
         0.15 -0.1291 -0.1429 -0.1586
         0.30 -0.1476 -0.1613 -0.1770
2.0      0.00 -0.1390 -0.1527 -0.1684
         0.05 -0.1453 -0.1590 -0.1747
         0.15 -0.1579 -0.1716 -0.1873
         0.30 -0.1769 -0.1906 -0.2063
wide_sl2
comm             0.00    0.07    0.15
spread_k slip                        
1.0      0.00  0.0132  0.0063 -0.0015
         0.05  0.0037 -0.0031 -0.0109
         0.15 -0.0158 -0.0226 -0.0304
         0.30 -0.0466 -0.0534 -0.0612
1.5      0.00 -0.0040 -0.0108 -0.0186
         0.05 -0.0143 -0.0212 -0.0290
         0.15 -0.0331 -0.0400 -0.0477
         0.30 -0.0627 -0.0695 -0.0773
2.0      0.00 -0.0162 -0.0230 -0.0308
         0.05 -0.0273 -0.0341 -0.0419
         0.15 -0.0467 -0.0535 -0.0613
         0.30 -0.0785 -0.0854 -0.0931

config  default  fade_tp1  tight_sl0.5_tp2  wide_sl2
m                                                   
0.00     0.0988   -0.0511           0.0864    0.0454
0.25     0.0813   -0.0665           0.0419    0.0377
0.50     0.0520   -0.0805          -0.0062    0.0218
0.75     0.0334   -0.0947          -0.0487    0.0118
1.00     0.0078   -0.1087          -0.0934   -0.0031
1.25    -0.0175   -0.1249          -0.1388   -0.0178
1.50    -0.0357   -0.1405          -0.1859   -0.0288
2.00    -0.0785   -0.1790          -0.2657   -0.0511
2.50    -0.1332   -0.2140          -0.3573   -0.0773
3.00    -0.2046   -0.2908          -0.4635   -0.1166
configs evaluated in this script: 184
