| stop | tp_r | n | median_risk_usd | gross_avg_R | gross_t | net_avg_R | net_t | net_L | net_S | cost_drag_R | gross_usd_per_trade | net_usd_per_trade | dir_info_R | net_PF | net_maxDD |
|---|---|---|---|---|---|---|---|---|---|---|---|---|---|---|---|
| width x0.25 | 0.0000 | 1828.0000 | 1.3804 | 0.1789 | 2.1200 | -0.2293 | -3.2600 | -0.1348 | -0.3377 | 0.4082 | 0.2637 | -0.2390 | 0.1128 | 0.7620 | 464.3000 |
| width x0.35 | 0.0000 | 1828.0000 | 1.9325 | 0.1875 | 2.6600 | -0.0793 | -1.2700 | -0.0217 | -0.1453 | 0.2668 | 0.3353 | -0.1275 | 0.1220 | 0.9090 | 188.9000 |
| width x0.5 | 0.0000 | 1828.0000 | 2.7608 | 0.1471 | 2.6100 | -0.0376 | -0.7200 | -0.0257 | -0.0512 | 0.1847 | 0.3758 | -0.1091 | 0.1069 | 0.9520 | 128.3000 |
| width x0.75 | 0.0000 | 1828.0000 | 4.1411 | 0.1192 | 2.8000 | -0.0184 | -0.4500 | -0.0501 | 0.0179 | 0.1376 | 0.4989 | -0.0553 | 0.0758 | 0.9720 | 60.6000 |
| width x1.0 | 0.0000 | 1828.0000 | 5.5215 | 0.0988 | 2.8800 | 0.0078 | 0.2300 | -0.0082 | 0.0261 | 0.0910 | 0.5333 | 0.0652 | 0.0638 | 1.0150 | 43.5000 |
| width x1.5 | 0.0000 | 1828.0000 | 8.2823 | 0.0528 | 2.1300 | -0.0097 | -0.4000 | -0.0307 | 0.0144 | 0.0625 | 0.4488 | -0.0477 | 0.0406 | 0.9760 | 54.4000 |
| width x2.0 | 0.0000 | 1828.0000 | 11.0430 | 0.0454 | 2.3200 | -0.0031 | -0.1600 | -0.0168 | 0.0125 | 0.0485 | 0.5080 | 0.0118 | 0.0315 | 0.9900 | 40.1000 |
| width x3.0 | 0.0000 | 1828.0000 | 16.5645 | 0.0305 | 2.2400 | -0.0058 | -0.4300 | -0.0104 | -0.0005 | 0.0363 | 0.5639 | 0.0247 | 0.0215 | 0.9730 | 36.8000 |
| width x0.25 | 2.0000 | 1828.0000 | 1.3804 | 0.0778 | 2.2900 | -0.3096 | -9.9200 | -0.3151 | -0.3033 | 0.3874 | 0.1106 | -0.4028 | 0.0619 | 0.6190 | 567.4000 |
| width x0.5 | 2.0000 | 1828.0000 | 2.7608 | 0.0864 | 2.5900 | -0.0934 | -2.9200 | -0.0757 | -0.1137 | 0.1798 | 0.1854 | -0.2794 | 0.0787 | 0.8650 | 177.2000 |
| width x1.0 | 2.0000 | 1828.0000 | 5.5215 | 0.0704 | 2.5400 | -0.0180 | -0.6600 | -0.0309 | -0.0033 | 0.0884 | 0.4034 | -0.0603 | 0.0559 | 0.9650 | 63.5000 |
| width x2.0 | 2.0000 | 1828.0000 | 11.0430 | 0.0437 | 2.3500 | -0.0035 | -0.1900 | -0.0168 | 0.0118 | 0.0472 | 0.4971 | 0.0104 | 0.0283 | 0.9890 | 39.9000 |
| ATR x0.1 | 0.0000 | 1828.0000 | 1.5759 | 0.1717 | 2.2400 | -0.1224 | -1.7400 | -0.0890 | -0.1607 | 0.2941 | 0.2161 | -0.2464 | 0.1366 | 0.8690 | 291.5000 |
| ATR x0.2 | 0.0000 | 1828.0000 | 3.1518 | 0.1589 | 3.1100 | 0.0014 | 0.0300 | -0.0145 | 0.0196 | 0.1575 | 0.3990 | -0.1056 | 0.0975 | 1.0020 | 56.2000 |
| ATR x0.35 | 0.0000 | 1828.0000 | 5.5156 | 0.0983 | 2.9400 | 0.0082 | 0.2500 | -0.0283 | 0.0500 | 0.0901 | 0.4466 | -0.0540 | 0.0669 | 1.0150 | 37.9000 |
| ATR x0.5 | 0.0000 | 1828.0000 | 7.8795 | 0.0640 | 2.5800 | -0.0030 | -0.1200 | -0.0279 | 0.0256 | 0.0670 | 0.4235 | -0.1148 | 0.0497 | 0.9930 | 43.4000 |
| ATR x1.0 | 0.0000 | 1828.0000 | 15.7589 | 0.0374 | 2.7900 | 0.0031 | 0.2300 | -0.0070 | 0.0147 | 0.0343 | 0.4963 | -0.0496 | 0.0313 | 1.0150 | 23.7000 |

width/ATR quintiles (default config, IS)
| bucket | n | median_width | median_ATR | gross_avg_R | net_avg_R | net_L | net_S | nominal_cost_R |
|---|---|---|---|---|---|---|---|---|
| width/ATR 0.10-0.25 | 366 | 3.4600 | 16.5929 | 0.1168 | -0.0322 | -0.0512 | -0.0092 | 0.1386 |
| width/ATR 0.25-0.31 | 365 | 4.2800 | 15.3857 | -0.0374 | -0.1324 | -0.0916 | -0.1813 | 0.1050 |
| width/ATR 0.31-0.37 | 366 | 5.3465 | 15.7336 | 0.1231 | 0.0558 | -0.0138 | 0.1195 | 0.0858 |
| width/ATR 0.37-0.47 | 365 | 6.4200 | 15.3936 | 0.1809 | 0.0904 | 0.1051 | 0.0735 | 0.0702 |
| width/ATR 0.47-3.15 | 366 | 9.4900 | 16.0186 | 0.1109 | 0.0572 | 0.0116 | 0.1165 | 0.0491 |

width USD quintiles (default config, IS)
| bucket | n | median_width | median_ATR | gross_avg_R | net_avg_R | net_L | net_S | nominal_cost_R |
|---|---|---|---|---|---|---|---|---|
| width USD 1.51-3.69 | 367 | 3.0700 | 12.4886 | 0.2158 | 0.0482 | 0.0409 | 0.0561 | 0.1523 |
| width USD 3.69-4.87 | 365 | 4.2800 | 14.1629 | 0.0524 | -0.0390 | 0.0205 | -0.1080 | 0.1059 |
| width USD 4.87-6.44 | 366 | 5.5265 | 14.9746 | 0.1659 | 0.0579 | 0.0772 | 0.0374 | 0.0828 |
| width USD 6.44-8.89 | 364 | 7.5285 | 20.6501 | -0.0467 | -0.0906 | -0.1560 | -0.0142 | 0.0653 |
| width USD 8.89-65.41 | 366 | 11.3690 | 23.9628 | 0.1048 | 0.0615 | -0.0181 | 0.1641 | 0.0422 |

| w_atr | n | median_risk_usd | gross_avg_R | gross_t | net_avg_R | net_t | net_L | net_S | cost_drag_R |
|---|---|---|---|---|---|---|---|---|---|
| 0.0-0.4 | 1211.0000 | 4.5500 | 0.0809 | 1.7500 | -0.0247 | -0.5500 | -0.0347 | -0.0138 | 0.1056 |
| 0.0-0.6 | 1670.0000 | 5.2050 | 0.0945 | 2.5500 | -0.0006 | -0.0200 | -0.0080 | 0.0075 | 0.0951 |
| 0.0-0.8 | 1783.0000 | 5.4600 | 0.0962 | 2.7400 | 0.0040 | 0.1200 | -0.0108 | 0.0209 | 0.0922 |
| 0.4-99 | 617.0000 | 8.6500 | 0.1343 | 2.9100 | 0.0716 | 1.5900 | 0.0409 | 0.1098 | 0.0627 |
| 0.6-99 | 158.0000 | 11.5550 | 0.1444 | 2.1000 | 0.0968 | 1.4200 | -0.0098 | 0.2709 | 0.0476 |
| 0.8-99 | 45.0000 | 16.3800 | 0.2048 | 1.8000 | 0.1591 | 1.4200 | 0.0924 | 0.2425 | 0.0457 |
new configs in this script: 40
