default costs DIRECTION test, configs: 32  95% quantile of max-z null: 2.64
| config | n | avg_R | dir_info_R | z | p_raw | p_family |
|---|---|---|---|---|---|---|
| w/atr>=0.35 & a20<=1.0 | 491 | 0.1386 | 0.1639 | 3.5996 | 0.0004 | 0.0028 |
| w/atr>=0.3 & a20<=1.1 | 934 | 0.0793 | 0.1236 | 3.5471 | 0.0004 | 0.0032 |
| w/atr>=0.3 & a20<=1.0 | 655 | 0.1128 | 0.1475 | 3.5066 | 0.0010 | 0.0034 |
| w/atr>=0.3 | 1154 | 0.0556 | 0.1061 | 3.4810 | 0.0006 | 0.0038 |
| w/atr>=0.35 & a20<=1.1 | 683 | 0.1035 | 0.1334 | 3.4730 | 0.0002 | 0.0040 |
| w/atr>=0.25 & a20<=1.0 | 821 | 0.0927 | 0.1330 | 3.4314 | 0.0004 | 0.0046 |
| w/atr>=0.35 | 860 | 0.0752 | 0.1133 | 3.3864 | 0.0006 | 0.0056 |
| w/atr>=0.4 | 617 | 0.0716 | 0.1174 | 3.1312 | 0.0012 | 0.0126 |
| w/atr>=0.2 & a20<=1.0 | 944 | 0.0678 | 0.1156 | 3.1013 | 0.0016 | 0.0140 |
| w/atr>=0.25 & a20<=1.1 | 1179 | 0.0498 | 0.0984 | 3.0700 | 0.0010 | 0.0152 |
| w/atr>=0.45 & a20<=1.1 | 345 | 0.0983 | 0.1452 | 3.0145 | 0.0014 | 0.0174 |
| w/atr>=0.45 | 434 | 0.0695 | 0.1228 | 2.9552 | 0.0020 | 0.0220 |
| w/atr>=0.25 | 1453 | 0.0212 | 0.0800 | 2.8573 | 0.0014 | 0.0290 |
| w/atr>=0.0 & a20<=1.0 | 1017 | 0.0851 | 0.1082 | 2.8350 | 0.0024 | 0.0312 |
| w/atr>=0.4 & a20<=1.0 | 343 | 0.1158 | 0.1455 | 2.8084 | 0.0040 | 0.0328 |
| w/atr>=0.4 & a20<=1.1 | 484 | 0.0772 | 0.1205 | 2.8049 | 0.0032 | 0.0328 |
| w/atr>=0.45 & a20<=1.0 | 244 | 0.1183 | 0.1542 | 2.6675 | 0.0034 | 0.0460 |
| w/atr>=0.2 & a20<=1.1 | 1365 | 0.0180 | 0.0778 | 2.5545 | 0.0062 | 0.0614 |
| w/atr>=0.0 & a20<=1.1 | 1474 | 0.0355 | 0.0772 | 2.4941 | 0.0062 | 0.0674 |
| w/atr>=0.4 & a20<=0.9 | 159 | 0.1906 | 0.1928 | 2.4677 | 0.0078 | 0.0706 |
| w/atr>=0.2 | 1687 | -0.0056 | 0.0631 | 2.3658 | 0.0086 | 0.0898 |
| w/atr>=0.0 | 1828 | 0.0078 | 0.0638 | 2.3631 | 0.0088 | 0.0908 |
| w/atr>=0.2 & a20<=0.9 | 404 | 0.0843 | 0.1181 | 2.0625 | 0.0196 | 0.1688 |
| w/atr>=0.45 & a20<=0.9 | 111 | 0.1370 | 0.1700 | 2.0307 | 0.0202 | 0.1782 |
| w/atr>=0.35 & a20<=0.9 | 216 | 0.1598 | 0.1445 | 2.0225 | 0.0194 | 0.1798 |
| w/atr>=0.5 & a20<=1.1 | 237 | 0.0527 | 0.1028 | 1.8540 | 0.0328 | 0.2472 |
| w/atr>=0.3 & a20<=0.9 | 286 | 0.0864 | 0.1128 | 1.7791 | 0.0366 | 0.2733 |
| w/atr>=0.0 & a20<=0.9 | 434 | 0.0933 | 0.1008 | 1.6913 | 0.0444 | 0.3119 |
| w/atr>=0.25 & a20<=0.9 | 355 | 0.0623 | 0.0971 | 1.6591 | 0.0468 | 0.3277 |
| w/atr>=0.5 & a20<=1.0 | 167 | 0.0871 | 0.1104 | 1.5903 | 0.0508 | 0.3591 |
| w/atr>=0.5 | 298 | 0.0222 | 0.0746 | 1.5674 | 0.0516 | 0.3685 |
| w/atr>=0.5 & a20<=0.9 | 77 | 0.0316 | 0.0551 | 0.5520 | 0.2841 | 0.8340 |
default costs PROFITABILITY reality check, configs: 32  95% quantile of max-t: 2.79
| config | n | avg_R | t_boot | p_raw | p_family |
|---|---|---|---|---|---|
| w/atr>=0.35 & a20<=1.0 | 491 | 0.1386 | 2.7101 | 0.0055 | 0.0605 |
| w/atr>=0.35 & a20<=1.1 | 683 | 0.1035 | 2.3502 | 0.0125 | 0.1309 |
| w/atr>=0.3 & a20<=1.0 | 655 | 0.1128 | 2.2311 | 0.0155 | 0.1644 |
| w/atr>=0.25 & a20<=1.0 | 821 | 0.0927 | 2.0645 | 0.0190 | 0.2099 |
| w/atr>=0.35 | 860 | 0.0752 | 2.0151 | 0.0260 | 0.2239 |
| w/atr>=0.35 & a20<=0.9 | 216 | 0.1598 | 1.9031 | 0.0345 | 0.2619 |
| w/atr>=0.45 & a20<=1.0 | 244 | 0.1183 | 1.8788 | 0.0300 | 0.2689 |
| w/atr>=0.4 & a20<=0.9 | 159 | 0.1906 | 1.8765 | 0.0390 | 0.2689 |
| w/atr>=0.4 & a20<=1.0 | 343 | 0.1158 | 1.8637 | 0.0330 | 0.2734 |
| w/atr>=0.0 & a20<=1.0 | 1017 | 0.0851 | 1.8463 | 0.0365 | 0.2794 |
| w/atr>=0.3 & a20<=1.1 | 934 | 0.0793 | 1.8334 | 0.0360 | 0.2824 |
| w/atr>=0.45 & a20<=1.1 | 345 | 0.0983 | 1.7503 | 0.0435 | 0.3143 |
| w/atr>=0.4 | 617 | 0.0716 | 1.5931 | 0.0515 | 0.3888 |
| w/atr>=0.2 & a20<=1.0 | 944 | 0.0678 | 1.5710 | 0.0585 | 0.3988 |
| w/atr>=0.3 | 1154 | 0.0556 | 1.5558 | 0.0570 | 0.4048 |
| w/atr>=0.45 & a20<=0.9 | 111 | 0.1370 | 1.5523 | 0.0635 | 0.4078 |
| w/atr>=0.4 & a20<=1.1 | 484 | 0.0772 | 1.5090 | 0.0655 | 0.4358 |
| w/atr>=0.45 | 434 | 0.0695 | 1.4511 | 0.0715 | 0.4668 |
| w/atr>=0.25 & a20<=1.1 | 1179 | 0.0498 | 1.3451 | 0.0910 | 0.5202 |
| w/atr>=0.0 & a20<=0.9 | 434 | 0.0933 | 1.2308 | 0.1064 | 0.5677 |
| w/atr>=0.2 & a20<=0.9 | 404 | 0.0843 | 1.1688 | 0.1254 | 0.5982 |
| w/atr>=0.3 & a20<=0.9 | 286 | 0.0864 | 1.1495 | 0.1219 | 0.6067 |
| w/atr>=0.5 & a20<=1.0 | 167 | 0.0871 | 1.1248 | 0.1344 | 0.6197 |
| w/atr>=0.0 & a20<=1.1 | 1474 | 0.0355 | 0.9796 | 0.1559 | 0.6917 |
| w/atr>=0.25 & a20<=0.9 | 355 | 0.0623 | 0.9083 | 0.1824 | 0.7241 |
| w/atr>=0.5 & a20<=1.1 | 237 | 0.0527 | 0.8243 | 0.2129 | 0.7621 |
| w/atr>=0.25 | 1453 | 0.0212 | 0.6843 | 0.2349 | 0.8136 |
| w/atr>=0.2 & a20<=1.1 | 1365 | 0.0180 | 0.5181 | 0.2854 | 0.8656 |
| w/atr>=0.5 | 298 | 0.0222 | 0.4140 | 0.3448 | 0.8936 |
| w/atr>=0.5 & a20<=0.9 | 77 | 0.0316 | 0.2592 | 0.4098 | 0.9270 |
| w/atr>=0.0 | 1828 | 0.0078 | 0.2572 | 0.3893 | 0.9275 |
| w/atr>=0.2 | 1687 | -0.0056 | -0.1916 | 0.5602 | 0.9790 |
stop-size family DIRECTION test: configs: 16  q95 max-z: 2.31
| config | n | avg_R | dir_info_R | z | p_raw | p_family |
|---|---|---|---|---|---|---|
| sl0.5w tp2.0 | 1828 | -0.0934 | 0.0787 | 2.9974 | 0.0020 | 0.0086 |
| sl0.5w tp0.0 | 1828 | -0.0376 | 0.1069 | 2.8490 | 0.0026 | 0.0138 |
| sl0.35w tp0.0 | 1828 | -0.0793 | 0.1220 | 2.8372 | 0.0024 | 0.0142 |
| sl0.35w tp2.0 | 1828 | -0.1550 | 0.0703 | 2.6766 | 0.0028 | 0.0226 |
| sl0.25w tp2.0 | 1828 | -0.3096 | 0.0619 | 2.5270 | 0.0054 | 0.0338 |
| sl0.75w tp0.0 | 1828 | -0.0184 | 0.0758 | 2.4542 | 0.0076 | 0.0382 |
| sl0.25w tp0.0 | 1828 | -0.2293 | 0.1128 | 2.3828 | 0.0076 | 0.0436 |
| sl1.0w tp0.0 | 1828 | 0.0078 | 0.0638 | 2.3631 | 0.0090 | 0.0452 |
| sl1.0w tp2.0 | 1828 | -0.0180 | 0.0559 | 2.3547 | 0.0088 | 0.0458 |
| sl0.75w tp2.0 | 1828 | -0.0429 | 0.0550 | 2.1529 | 0.0150 | 0.0734 |
| sl1.5w tp2.0 | 1828 | -0.0141 | 0.0390 | 1.9329 | 0.0244 | 0.1194 |
| sl1.5w tp0.0 | 1828 | -0.0097 | 0.0406 | 1.9199 | 0.0232 | 0.1218 |
| sl2.0w tp0.0 | 1828 | -0.0031 | 0.0315 | 1.7938 | 0.0338 | 0.1562 |
| sl3.0w tp2.0 | 1828 | -0.0055 | 0.0224 | 1.7408 | 0.0416 | 0.1706 |
| sl3.0w tp0.0 | 1828 | -0.0058 | 0.0215 | 1.6585 | 0.0478 | 0.1952 |
| sl2.0w tp2.0 | 1828 | -0.0035 | 0.0283 | 1.6342 | 0.0492 | 0.2016 |
stop-size family PROFITABILITY reality check: q95 max-t: 2.54
| config | n | avg_R | t_boot | p_raw | p_family |
|---|---|---|---|---|---|
| sl1.0w tp0.0 | 1828 | 0.0078 | 0.2569 | 0.3913 | 0.8526 |
| sl2.0w tp0.0 | 1828 | -0.0031 | -0.1740 | 0.5527 | 0.9500 |
| sl2.0w tp2.0 | 1828 | -0.0035 | -0.1970 | 0.5642 | 0.9535 |
| sl1.5w tp0.0 | 1828 | -0.0097 | -0.4189 | 0.6532 | 0.9770 |
| sl3.0w tp2.0 | 1828 | -0.0055 | -0.4304 | 0.6522 | 0.9775 |
| sl3.0w tp0.0 | 1828 | -0.0058 | -0.4449 | 0.6492 | 0.9780 |
| sl0.75w tp0.0 | 1828 | -0.0184 | -0.5013 | 0.6897 | 0.9810 |
| sl1.5w tp2.0 | 1828 | -0.0141 | -0.6364 | 0.7401 | 0.9875 |
| sl1.0w tp2.0 | 1828 | -0.0180 | -0.7070 | 0.7586 | 0.9905 |
| sl0.5w tp0.0 | 1828 | -0.0376 | -0.8047 | 0.7961 | 0.9920 |
| sl0.35w tp0.0 | 1828 | -0.0793 | -1.4581 | 0.9290 | 1.0000 |
| sl0.75w tp2.0 | 1828 | -0.0429 | -1.5973 | 0.9465 | 1.0000 |
| sl0.5w tp2.0 | 1828 | -0.0934 | -3.3114 | 0.9990 | 1.0000 |
| sl0.25w tp0.0 | 1828 | -0.2293 | -3.4166 | 0.9995 | 1.0000 |
| sl0.35w tp2.0 | 1828 | -0.1550 | -5.1814 | 1.0000 | 1.0000 |
| sl0.25w tp2.0 | 1828 | -0.3096 | -9.7326 | 1.0000 | 1.0000 |
default alone: | config | n | avg_R | t_boot | p_raw | p_family |
|---|---|---|---|---|---|
| default | 1828 | 0.0078 | 0.2539 | 0.3928 | 0.3928 |
new configs in this script: 32
